Archive member included to satisfy reference by file (symbol)

app/libapp.a(main.c.obj)      (--whole-archive)
app/libapp.a(mpu_sensor.c.obj)
                              (--whole-archive)
zephyr/libzephyr.a(cbprintf_packaged.c.obj)
                              (--whole-archive)
zephyr/libzephyr.a(crc32c_sw.c.obj)
                              (--whole-archive)
zephyr/libzephyr.a(crc32_sw.c.obj)
                              (--whole-archive)
zephyr/libzephyr.a(crc16_sw.c.obj)
                              (--whole-archive)
zephyr/libzephyr.a(crc8_sw.c.obj)
                              (--whole-archive)
zephyr/libzephyr.a(crc7_sw.c.obj)
                              (--whole-archive)
zephyr/libzephyr.a(dec.c.obj)
                              (--whole-archive)
zephyr/libzephyr.a(fdtable.c.obj)
                              (--whole-archive)
zephyr/libzephyr.a(hex.c.obj)
                              (--whole-archive)
zephyr/libzephyr.a(notify.c.obj)
                              (--whole-archive)
zephyr/libzephyr.a(printk.c.obj)
                              (--whole-archive)
zephyr/libzephyr.a(onoff.c.obj)
                              (--whole-archive)
zephyr/libzephyr.a(rb.c.obj)  (--whole-archive)
zephyr/libzephyr.a(sem.c.obj)
                              (--whole-archive)
zephyr/libzephyr.a(thread_entry.c.obj)
                              (--whole-archive)
zephyr/libzephyr.a(timeutil.c.obj)
                              (--whole-archive)
zephyr/libzephyr.a(heap.c.obj)
                              (--whole-archive)
zephyr/libzephyr.a(heap-validate.c.obj)
                              (--whole-archive)
zephyr/libzephyr.a(bitarray.c.obj)
                              (--whole-archive)
zephyr/libzephyr.a(multi_heap.c.obj)
                              (--whole-archive)
zephyr/libzephyr.a(cbprintf_complete.c.obj)
                              (--whole-archive)
zephyr/libzephyr.a(cbprintf.c.obj)
                              (--whole-archive)
zephyr/libzephyr.a(assert.c.obj)
                              (--whole-archive)
zephyr/libzephyr.a(mpsc_pbuf.c.obj)
                              (--whole-archive)
zephyr/libzephyr.a(reboot.c.obj)
                              (--whole-archive)
zephyr/libzephyr.a(configs.c.obj)
                              (--whole-archive)
zephyr/libzephyr.a(soc_nrf_common.S.obj)
                              (--whole-archive)
zephyr/libzephyr.a(validate_base_addresses.c.obj)
                              (--whole-archive)
zephyr/libzephyr.a(validate_enabled_instances.c.obj)
                              (--whole-archive)
zephyr/libzephyr.a(log_core.c.obj)
                              (--whole-archive)
zephyr/libzephyr.a(log_mgmt.c.obj)
                              (--whole-archive)
zephyr/libzephyr.a(log_msg.c.obj)
                              (--whole-archive)
zephyr/libzephyr.a(log_output.c.obj)
                              (--whole-archive)
zephyr/libzephyr.a(log_backend_uart.c.obj)
                              (--whole-archive)
zephyr/libzephyr.a(pm.c.obj)  (--whole-archive)
zephyr/libzephyr.a(policy.c.obj)
                              (--whole-archive)
zephyr/libzephyr.a(state.c.obj)
                              (--whole-archive)
zephyr/libzephyr.a(tracing_none.c.obj)
                              (--whole-archive)
zephyr/libzephyr.a(nrf_cc3xx_platform_abort_zephyr.c.obj)
                              (--whole-archive)
zephyr/libzephyr.a(nrf_cc3xx_platform_mutex_zephyr.c.obj)
                              (--whole-archive)
zephyr/arch/common/libarch__common.a(sw_isr_common.c.obj)
                              (--whole-archive)
zephyr/arch/arch/arm/core/aarch32/libarch__arm__core__aarch32.a(cpu_idle.S.obj)
                              (--whole-archive)
zephyr/arch/arch/arm/core/aarch32/libarch__arm__core__aarch32.a(fatal.c.obj)
                              (--whole-archive)
zephyr/arch/arch/arm/core/aarch32/libarch__arm__core__aarch32.a(irq_manage.c.obj)
                              (--whole-archive)
zephyr/arch/arch/arm/core/aarch32/libarch__arm__core__aarch32.a(nmi.c.obj)
                              (--whole-archive)
zephyr/arch/arch/arm/core/aarch32/libarch__arm__core__aarch32.a(nmi_on_reset.S.obj)
                              (--whole-archive)
zephyr/arch/arch/arm/core/aarch32/libarch__arm__core__aarch32.a(prep_c.c.obj)
                              (--whole-archive)
zephyr/arch/arch/arm/core/aarch32/libarch__arm__core__aarch32.a(swap.c.obj)
                              (--whole-archive)
zephyr/arch/arch/arm/core/aarch32/libarch__arm__core__aarch32.a(swap_helper.S.obj)
                              (--whole-archive)
zephyr/arch/arch/arm/core/aarch32/libarch__arm__core__aarch32.a(thread.c.obj)
                              (--whole-archive)
zephyr/arch/arch/arm/core/aarch32/libarch__arm__core__aarch32.a(isr_wrapper.S.obj)
                              (--whole-archive)
[...]
Memory Configuration

Name             Origin             Length             Attributes
FLASH            0x0000000000000000 0x0000000000100000 xr
SRAM             0x0000000020000000 0x0000000000040000 xw
IDT_LIST         0x00000000fffff7ff 0x0000000000000800 xw
*default*        0x0000000000000000 0xffffffffffffffff

Linker script and memory map

LOAD zephyr/CMakeFiles/zephyr_pre0.dir/misc/empty_file.c.obj
                0x0000000000000020                _region_min_align = 0x20

.rel.plt        0x0000000000000000        0x0
 *(SORT_BY_ALIGNMENT(.rel.plt))
                [!provide]                        PROVIDE (__rel_iplt_start = .)
 *(SORT_BY_ALIGNMENT(.rel.iplt))
 .rel.iplt      0x0000000000000000        0x0 app/libapp.a(main.c.obj)
                [!provide]                        PROVIDE (__rel_iplt_end = .)

.rela.plt       0x0000000000000000        0x0
 *(SORT_BY_ALIGNMENT(.rela.plt))
                [!provide]                        PROVIDE (__rela_iplt_start = .)
 *(SORT_BY_ALIGNMENT(.rela.iplt))
                [!provide]                        PROVIDE (__rela_iplt_end = .)

.rel.dyn
 *(SORT_BY_ALIGNMENT(.rel.*))

.rela.dyn
 *(SORT_BY_ALIGNMENT(.rela.*))

/DISCARD/
 *(SORT_BY_ALIGNMENT(.plt))
 *(SORT_BY_ALIGNMENT(.iplt))
 *(SORT_BY_ALIGNMENT(.got.plt))
 *(SORT_BY_ALIGNMENT(.igot.plt))
 *(SORT_BY_ALIGNMENT(.got))
 *(SORT_BY_ALIGNMENT(.igot))
 *(SORT_BY_ALIGNMENT(.note.GNU-stack))
                0x0000000000000000                __rom_region_start = 0x0

rom_start       0x0000000000000000      0x100
                0x0000000000000000                . = 0x0
                0x0000000000000000                . = ALIGN (0x4)
                0x0000000000000000                . = ALIGN (0x80)
                0x0000000000000000                . = ALIGN (0x100)
                0x0000000000000000                _vector_start = .
 *(SORT_BY_ALIGNMENT(.exc_vector_table))
 *(SORT_BY_ALIGNMENT(.exc_vector_table.*))
 .exc_vector_table._vector_table_section
                0x0000000000000000       0x40 zephyr/arch/arch/arm/core/aarch32/cortex_m/libarch__arm__core__aarch32__cortex_m.a(vector_table.S.obj)
                0x0000000000000000                _vector_table
 *(SORT_BY_ALIGNMENT(.vectors))
                0x0000000000000100                _vector_end = .
                0x0000000000000040                . = ALIGN (0x4)
 *(SORT_BY_ALIGNMENT(.gnu.linkonce.irq_vector_table*))
 .gnu.linkonce.irq_vector_table
                0x0000000000000040       0xc0 zephyr/arch/common/libisr_tables.a(isr_tables.c.obj)
                0x0000000000000040                _irq_vector_table
                0x0000000000000100                _vector_end = .

text            0x0000000000000100     0x7922
                0x0000000000000100                __text_region_start = .
 *(SORT_BY_ALIGNMENT(.text))
 .text          0x0000000000000100       0x30 /opt/nordic/ncs/toolchains/v2.1.1/opt/zephyr-sdk/arm-zephyr-eabi/bin/../lib/gcc/arm-zephyr-eabi/10.3.0/thumb/v7e-m/nofp/libgcc.a(_aeabi_uldivmod.o)
                0x0000000000000100                __aeabi_uldivmod
 .text          0x0000000000000130        0x4 /opt/nordic/ncs/toolchains/v2.1.1/opt/zephyr-sdk/arm-zephyr-eabi/bin/../lib/gcc/arm-zephyr-eabi/10.3.0/thumb/v7e-m/nofp/libgcc.a(_dvmd_tls.o)
                0x0000000000000130                __aeabi_ldiv0
                0x0000000000000130                __aeabi_idiv0
 .text          0x0000000000000134      0x2a6 /opt/nordic/ncs/toolchains/v2.1.1/opt/zephyr-sdk/arm-zephyr-eabi/bin/../lib/gcc/arm-zephyr-eabi/10.3.0/thumb/v7e-m/nofp/libgcc.a(_udivmoddi4.o)
                0x0000000000000134                __udivmoddi4
 *(SORT_BY_ALIGNMENT(.text.*))
 *fill*         0x00000000000003da        0x2 
 .text.button_handler.part.0
                0x00000000000003dc       0xb8 app/libapp.a(main.c.obj)
 .text.main     0x0000000000000494       0xc0 app/libapp.a(main.c.obj)
                0x0000000000000494                main
 .text.my_twim_handler
                0x0000000000000554       0x28 app/libapp.a(mpu_sensor.c.obj)
                0x0000000000000554                my_twim_handler
 .text.twi_init
                0x000000000000057c       0x80 app/libapp.a(mpu_sensor.c.obj)
                0x000000000000057c                twi_init
 .text.mpu_sensor_init
                0x00000000000005fc       0x2c app/libapp.a(mpu_sensor.c.obj)
                0x00000000000005fc                mpu_sensor_init
 .text.cbprintf_package_convert
                0x0000000000000628      0x2d0 zephyr/libzephyr.a(cbprintf_packaged.c.obj)
                0x0000000000000628                cbprintf_package_convert
 .text.char_out
                0x00000000000008f8        0xc zephyr/libzephyr.a(printk.c.obj)
 .text.__printk_hook_install
                0x0000000000000904        0xc zephyr/libzephyr.a(printk.c.obj)
                0x0000000000000904                __printk_hook_install
 .text.vprintk  0x0000000000000910       0x1c zephyr/libzephyr.a(printk.c.obj)
                0x0000000000000910                vprintk
 .text.vsnprintk
                0x000000000000092c       0x2c zephyr/libzephyr.a(printk.c.obj)
                0x000000000000092c                vsnprintk
 .text.process_event
                0x0000000000000958      0x1c0 zephyr/libzephyr.a(onoff.c.obj)
 .text.z_cbvprintf_impl
                0x0000000000000b18      0x78c zephyr/libzephyr.a(cbprintf_complete.c.obj)
                0x0000000000000b18                z_cbvprintf_impl
 .text.sys_reboot
                0x00000000000012a4       0x28 zephyr/libzephyr.a(reboot.c.obj)
                0x00000000000012a4                sys_reboot
 .text.z_arm_platform_init
                0x00000000000012cc        0x4 zephyr/libzephyr.a(soc_nrf_common.S.obj)
                0x00000000000012cc                z_arm_platform_init
 .text.activate_foreach_backend
                0x00000000000012d0       0x64 zephyr/libzephyr.a(log_core.c.obj)
 .text.enable_logger
                0x0000000000001334       0x5c zephyr/libzephyr.a(log_core.c.obj)
 .text.log_process_thread_timer_expiry_fn
                0x0000000000001390        0xc zephyr/libzephyr.a(log_core.c.obj)
 .text.z_log_init
                0x000000000000139c       0xa8 zephyr/libzephyr.a(log_core.c.obj)
 .text.log_format_func_t_get
                0x0000000000001444        0xc zephyr/libzephyr.a(log_core.c.obj)
                0x0000000000001444                log_format_func_t_get
 .text.z_log_notify_backend_enabled
                0x0000000000001450       0x1c zephyr/libzephyr.a(log_core.c.obj)
                0x0000000000001450                z_log_notify_backend_enabled
 .text.z_log_dropped
                0x000000000000146c       0x3c zephyr/libzephyr.a(log_core.c.obj)
                0x000000000000146c                z_log_dropped
 .text.z_log_dropped_read_and_clear
                0x00000000000014a8       0x20 zephyr/libzephyr.a(log_core.c.obj)
                0x00000000000014a8                z_log_dropped_read_and_clear
 .text.dropped_notify
                0x00000000000014c8       0x38 zephyr/libzephyr.a(log_core.c.obj)
                0x00000000000014c8                dropped_notify
 .text.z_log_msg_init
                0x0000000000001500       0x10 zephyr/libzephyr.a(log_core.c.obj)
                0x0000000000001500                z_log_msg_init
 .text.log_core_init
                0x0000000000001510       0x34 zephyr/libzephyr.a(log_core.c.obj)
                0x0000000000001510                log_core_init
 .text.z_log_msg_alloc
                0x0000000000001544       0x10 zephyr/libzephyr.a(log_core.c.obj)
                0x0000000000001544                z_log_msg_alloc
 .text.z_log_msg_claim
                0x0000000000001554        0xc zephyr/libzephyr.a(log_core.c.obj)
                0x0000000000001554                z_log_msg_claim
 .text.z_log_msg_free
                0x0000000000001560        0xc zephyr/libzephyr.a(log_core.c.obj)
                0x0000000000001560                z_log_msg_free
 .text.z_log_msg_pending
                0x000000000000156c        0xc zephyr/libzephyr.a(log_core.c.obj)
                0x000000000000156c                z_log_msg_pending
 .text.z_impl_log_process
                0x0000000000001578       0x7c zephyr/libzephyr.a(log_core.c.obj)
                0x0000000000001578                z_impl_log_process
 .text.z_impl_log_panic
                0x00000000000015f4       0x4c zephyr/libzephyr.a(log_core.c.obj)
                0x00000000000015f4                z_impl_log_panic
 .text.log_process_thread_func
                0x0000000000001640       0xa8 zephyr/libzephyr.a(log_core.c.obj)
 .text.z_log_msg_commit
                0x00000000000016e8       0xa4 zephyr/libzephyr.a(log_core.c.obj)
                0x00000000000016e8                z_log_msg_commit
 .text.log_source_name_get
                0x000000000000178c       0x1c zephyr/libzephyr.a(log_mgmt.c.obj)
                0x000000000000178c                log_source_name_get
 .text.log_backend_enable
                0x00000000000017a8       0x1c zephyr/libzephyr.a(log_mgmt.c.obj)
                0x00000000000017a8                log_backend_enable
 .text.z_impl_z_log_msg_static_create
                0x00000000000017c4       0xa8 zephyr/libzephyr.a(log_msg.c.obj)
                0x00000000000017c4                z_impl_z_log_msg_static_create
 .text.print_formatted
                0x000000000000186c       0x24 zephyr/libzephyr.a(log_output.c.obj)
 .text.log_output_process
                0x0000000000001890      0x2bc zephyr/libzephyr.a(log_output.c.obj)
                0x0000000000001890                log_output_process
 .text.log_output_msg_process
                0x0000000000001b4c       0x6c zephyr/libzephyr.a(log_output.c.obj)
                0x0000000000001b4c                log_output_msg_process
 .text.log_output_dropped_process
                0x0000000000001bb8       0x58 zephyr/libzephyr.a(log_output.c.obj)
                0x0000000000001bb8                log_output_dropped_process
 .text.log_output_timestamp_freq_set
                0x0000000000001c10       0x30 zephyr/libzephyr.a(log_output.c.obj)
                0x0000000000001c10                log_output_timestamp_freq_set
 .text.char_out
                0x0000000000001c40       0x24 zephyr/libzephyr.a(log_backend_uart.c.obj)
 .text.format_set
                0x0000000000001c64        0xc zephyr/libzephyr.a(log_backend_uart.c.obj)
 .text.log_backend_uart_init
                0x0000000000001c70       0x10 zephyr/libzephyr.a(log_backend_uart.c.obj)
 .text.panic    0x0000000000001c80       0x14 zephyr/libzephyr.a(log_backend_uart.c.obj)
 .text.dropped  0x0000000000001c94        0xc zephyr/libzephyr.a(log_backend_uart.c.obj)
 .text.process  0x0000000000001ca0       0x24 zephyr/libzephyr.a(log_backend_uart.c.obj)
 .text.pm_state_notify
                0x0000000000001cc4       0x5c zephyr/libzephyr.a(pm.c.obj)
 .text.pm_system_resume
                0x0000000000001d20       0x7c zephyr/libzephyr.a(pm.c.obj)
                0x0000000000001d20                pm_system_resume
 .text.pm_system_suspend
                0x0000000000001d9c       0xf0 zephyr/libzephyr.a(pm.c.obj)
                0x0000000000001d9c                pm_system_suspend
 .text.pm_policy_next_state
                0x0000000000001e8c       0x90 zephyr/libzephyr.a(policy.c.obj)
                0x0000000000001e8c                pm_policy_next_state
 .text.pm_state_cpu_get_all
                0x0000000000001f1c       0x10 zephyr/libzephyr.a(state.c.obj)
                0x0000000000001f1c                pm_state_cpu_get_all
 .text.nrf_cc3xx_platform_abort_init
                0x0000000000001f2c        0xc zephyr/libzephyr.a(nrf_cc3xx_platform_abort_zephyr.c.obj)
                0x0000000000001f2c                nrf_cc3xx_platform_abort_init
 .text.mutex_free_platform
                0x0000000000001f38       0x48 zephyr/libzephyr.a(nrf_cc3xx_platform_mutex_zephyr.c.obj)
 .text.mutex_lock_platform
                0x0000000000001f80       0x58 zephyr/libzephyr.a(nrf_cc3xx_platform_mutex_zephyr.c.obj)
 .text.mutex_unlock_platform
                0x0000000000001fd8       0x4c zephyr/libzephyr.a(nrf_cc3xx_platform_mutex_zephyr.c.obj)
 .text.mutex_init_platform
                0x0000000000002024       0x70 zephyr/libzephyr.a(nrf_cc3xx_platform_mutex_zephyr.c.obj)
 .text.nrf_cc3xx_platform_mutex_init
                0x0000000000002094       0x2c zephyr/libzephyr.a(nrf_cc3xx_platform_mutex_zephyr.c.obj)
                0x0000000000002094                nrf_cc3xx_platform_mutex_init
 .text.z_arm_cpu_idle_init
                0x00000000000020c0        0xc zephyr/arch/arch/arm/core/aarch32/libarch__arm__core__aarch32.a(cpu_idle.S.obj)
                0x00000000000020c0                z_arm_cpu_idle_init
 .text.arch_cpu_idle
                0x00000000000020cc       0x1c zephyr/arch/arch/arm/core/aarch32/libarch__arm__core__aarch32.a(cpu_idle.S.obj)
                0x00000000000020cc                arch_cpu_idle
 .text.arch_cpu_atomic_idle
                0x00000000000020e8       0x14 zephyr/arch/arch/arm/core/aarch32/libarch__arm__core__aarch32.a(cpu_idle.S.obj)
                0x00000000000020e8                arch_cpu_atomic_idle
 .text.z_arm_fatal_error
                0x00000000000020fc       0xcc zephyr/arch/arch/arm/core/aarch32/libarch__arm__core__aarch32.a(fatal.c.obj)
                0x00000000000020fc                z_arm_fatal_error
 .text.arch_irq_enable
                0x00000000000021c8       0x20 zephyr/arch/arch/arm/core/aarch32/libarch__arm__core__aarch32.a(irq_manage.c.obj)
                0x00000000000021c8                arch_irq_enable
 .text.arch_irq_is_enabled
                0x00000000000021e8       0x1c zephyr/arch/arch/arm/core/aarch32/libarch__arm__core__aarch32.a(irq_manage.c.obj)
                0x00000000000021e8                arch_irq_is_enabled
 .text.z_arm_irq_priority_set
                0x0000000000002204       0x30 zephyr/arch/arch/arm/core/aarch32/libarch__arm__core__aarch32.a(irq_manage.c.obj)
                0x0000000000002204                z_arm_irq_priority_set
 .text.z_SysNmiOnReset
                0x0000000000002234        0x8 zephyr/arch/arch/arm/core/aarch32/libarch__arm__core__aarch32.a(nmi_on_reset.S.obj)
                0x0000000000002234                z_SysNmiOnReset
 .text.z_arm_prep_c
                0x000000000000223c       0x38 zephyr/arch/arch/arm/core/aarch32/libarch__arm__core__aarch32.a(prep_c.c.obj)
                0x000000000000223c                z_arm_prep_c
 .text.arch_swap
                0x0000000000002274       0x34 zephyr/arch/arch/arm/core/aarch32/libarch__arm__core__aarch32.a(swap.c.obj)
                0x0000000000002274                arch_swap
 .text.z_arm_pendsv
                0x00000000000022a8       0x54 zephyr/arch/arch/arm/core/aarch32/libarch__arm__core__aarch32.a(swap_helper.S.obj)
                0x00000000000022a8                z_arm_pendsv
 .text.z_arm_svc
                0x00000000000022fc       0x20 zephyr/arch/arch/arm/core/aarch32/libarch__arm__core__aarch32.a(swap_helper.S.obj)
                0x00000000000022fc                z_arm_svc
 .text.arch_new_thread
                0x000000000000231c       0x38 zephyr/arch/arch/arm/core/aarch32/libarch__arm__core__aarch32.a(thread.c.obj)
                0x000000000000231c                arch_new_thread
 .text.z_check_thread_stack_fail
                0x0000000000002354       0x2c zephyr/arch/arch/arm/core/aarch32/libarch__arm__core__aarch32.a(thread.c.obj)
                0x0000000000002354                z_check_thread_stack_fail
 .text.arch_switch_to_main_thread
                0x0000000000002380       0x2c zephyr/arch/arch/arm/core/aarch32/libarch__arm__core__aarch32.a(thread.c.obj)
                0x0000000000002380                arch_switch_to_main_thread
 .text._isr_wrapper
                0x00000000000023ac       0x40 zephyr/arch/arch/arm/core/aarch32/libarch__arm__core__aarch32.a(isr_wrapper.S.obj)
                0x00000000000023ac                _isr_wrapper
 .text._HandlerModeExit
                0x00000000000023ec       0x1c zephyr/arch/arch/arm/core/aarch32/cortex_m/libarch__arm__core__aarch32__cortex_m.a(exc_exit.S.obj)
                0x00000000000023ec                z_arm_exc_exit
                0x00000000000023ec                z_arm_int_exit
 .text.bus_fault.constprop.0
                0x0000000000002408      0x130 zephyr/arch/arch/arm/core/aarch32/cortex_m/libarch__arm__core__aarch32__cortex_m.a(fault.c.obj)
 .text.usage_fault.constprop.0
                0x0000000000002538       0xf8 zephyr/arch/arch/arm/core/aarch32/cortex_m/libarch__arm__core__aarch32__cortex_m.a(fault.c.obj)
 .text.mem_manage_fault
                0x0000000000002630      0x170 zephyr/arch/arch/arm/core/aarch32/cortex_m/libarch__arm__core__aarch32__cortex_m.a(fault.c.obj)
 .text.z_arm_fault
                0x00000000000027a0      0x21c zephyr/arch/arch/arm/core/aarch32/cortex_m/libarch__arm__core__aarch32__cortex_m.a(fault.c.obj)
                0x00000000000027a0                z_arm_fault
 .text.z_arm_fault_init
                0x00000000000029bc       0x10 zephyr/arch/arch/arm/core/aarch32/cortex_m/libarch__arm__core__aarch32__cortex_m.a(fault.c.obj)
                0x00000000000029bc                z_arm_fault_init
 .text.__fault  0x00000000000029cc       0x14 zephyr/arch/arch/arm/core/aarch32/cortex_m/libarch__arm__core__aarch32__cortex_m.a(fault_s.S.obj)
                0x00000000000029cc                z_arm_bus_fault
                0x00000000000029cc                z_arm_usage_fault
                0x00000000000029cc                z_arm_mpu_fault
                0x00000000000029cc                z_arm_exc_spurious
                0x00000000000029cc                z_arm_debug_monitor
                0x00000000000029cc                z_arm_hard_fault
 .text.z_arm_interrupt_init
                0x00000000000029e0       0x18 zephyr/arch/arch/arm/core/aarch32/cortex_m/libarch__arm__core__aarch32__cortex_m.a(irq_init.c.obj)
                0x00000000000029e0                z_arm_interrupt_init
 .text._reset_section
                0x00000000000029f8       0x54 zephyr/arch/arch/arm/core/aarch32/cortex_m/libarch__arm__core__aarch32__cortex_m.a(reset.S.obj)
                0x00000000000029f8                z_arm_reset
                0x00000000000029f8                __start
 .text.z_arm_clear_arm_mpu_config
                0x0000000000002a4c       0x24 zephyr/arch/arch/arm/core/aarch32/cortex_m/libarch__arm__core__aarch32__cortex_m.a(scb.c.obj)
                0x0000000000002a4c                z_arm_clear_arm_mpu_config
 .text.z_arm_init_arch_hw_at_boot
                0x0000000000002a70       0x64 zephyr/arch/arch/arm/core/aarch32/cortex_m/libarch__arm__core__aarch32__cortex_m.a(scb.c.obj)
                0x0000000000002a70                z_arm_init_arch_hw_at_boot
 .text.z_impl_k_thread_abort
                0x0000000000002ad4       0x2c zephyr/arch/arch/arm/core/aarch32/cortex_m/libarch__arm__core__aarch32__cortex_m.a(thread_abort.c.obj)
                0x0000000000002ad4                z_impl_k_thread_abort
 .text.z_arm_configure_static_mpu_regions
                0x0000000000002b00       0x18 zephyr/arch/arch/arm/core/aarch32/mpu/libarch__arm__core__aarch32__mpu.a(arm_core_mpu.c.obj)
                0x0000000000002b00                z_arm_configure_static_mpu_regions
 .text.z_arm_configure_dynamic_mpu_regions
                0x0000000000002b18       0x20 zephyr/arch/arch/arm/core/aarch32/mpu/libarch__arm__core__aarch32__mpu.a(arm_core_mpu.c.obj)
                0x0000000000002b18                z_arm_configure_dynamic_mpu_regions
 .text.mpu_configure_regions
                0x0000000000002b38       0xc8 zephyr/arch/arch/arm/core/aarch32/mpu/libarch__arm__core__aarch32__mpu.a(arm_mpu.c.obj)
 .text.arm_core_mpu_enable
                0x0000000000002c00       0x18 zephyr/arch/arch/arm/core/aarch32/mpu/libarch__arm__core__aarch32__mpu.a(arm_mpu.c.obj)
                0x0000000000002c00                arm_core_mpu_enable
 .text.arm_core_mpu_disable
                0x0000000000002c18       0x14 zephyr/arch/arch/arm/core/aarch32/mpu/libarch__arm__core__aarch32__mpu.a(arm_mpu.c.obj)
                0x0000000000002c18                arm_core_mpu_disable
 .text.arm_core_mpu_configure_static_mpu_regions
                0x0000000000002c2c       0x14 zephyr/arch/arch/arm/core/aarch32/mpu/libarch__arm__core__aarch32__mpu.a(arm_mpu.c.obj)
                0x0000000000002c2c                arm_core_mpu_configure_static_mpu_regions
 .text.arm_core_mpu_configure_dynamic_mpu_regions
                0x0000000000002c40       0x30 zephyr/arch/arch/arm/core/aarch32/mpu/libarch__arm__core__aarch32__mpu.a(arm_mpu.c.obj)
                0x0000000000002c40                arm_core_mpu_configure_dynamic_mpu_regions
 .text.z_arm_mpu_init
                0x0000000000002c70       0x60 zephyr/arch/arch/arm/core/aarch32/mpu/libarch__arm__core__aarch32__mpu.a(arm_mpu.c.obj)
                0x0000000000002c70                z_arm_mpu_init
 .text.__stdout_hook_install
                0x0000000000002cd0        0xc zephyr/lib/libc/minimal/liblib__libc__minimal.a(stdout_console.c.obj)
                0x0000000000002cd0                __stdout_hook_install
 .text.nordicsemi_nrf52_init
                0x0000000000002cdc       0x60 zephyr/soc/arm/nordic_nrf/nrf52/libsoc__arm__nordic_nrf__nrf52.a(soc.c.obj)
 .text.sys_arch_reboot
                0x0000000000002d3c       0x2c zephyr/soc/arm/nordic_nrf/nrf52/libsoc__arm__nordic_nrf__nrf52.a(soc.c.obj)
                0x0000000000002d3c                sys_arch_reboot
 .text.arch_busy_wait
                0x0000000000002d68       0x14 zephyr/soc/arm/nordic_nrf/nrf52/libsoc__arm__nordic_nrf__nrf52.a(soc.c.obj)
                0x0000000000002d68                arch_busy_wait
 .text.onoff_stop
                0x0000000000002d7c       0x30 zephyr/drivers/clock_control/libdrivers__clock_control.a(clock_control_nrf.c.obj)
 .text.onoff_start
                0x0000000000002dac       0x44 zephyr/drivers/clock_control/libdrivers__clock_control.a(clock_control_nrf.c.obj)
 .text.clk_init
                0x0000000000002df0       0x58 zephyr/drivers/clock_control/libdrivers__clock_control.a(clock_control_nrf.c.obj)
 .text.clkstarted_handle.constprop.0
                0x0000000000002e48       0x34 zephyr/drivers/clock_control/libdrivers__clock_control.a(clock_control_nrf.c.obj)
 .text.clock_event_handler
                0x0000000000002e7c       0x1c zephyr/drivers/clock_control/libdrivers__clock_control.a(clock_control_nrf.c.obj)
 .text.generic_hfclk_start
                0x0000000000002e98       0x64 zephyr/drivers/clock_control/libdrivers__clock_control.a(clock_control_nrf.c.obj)
 .text.api_blocking_start
                0x0000000000002efc       0x34 zephyr/drivers/clock_control/libdrivers__clock_control.a(clock_control_nrf.c.obj)
 .text.generic_hfclk_stop
                0x0000000000002f30       0x2c zephyr/drivers/clock_control/libdrivers__clock_control.a(clock_control_nrf.c.obj)
 .text.z_nrf_clock_control_lf_on
                0x0000000000002f5c      0x100 zephyr/drivers/clock_control/libdrivers__clock_control.a(clock_control_nrf.c.obj)
                0x0000000000002f5c                z_nrf_clock_control_lf_on
 .text.uart_console_init
                0x000000000000305c       0x30 zephyr/drivers/console/libdrivers__console.a(uart_console.c.obj)
 .text.console_out
                0x000000000000308c       0x28 zephyr/drivers/console/libdrivers__console.a(uart_console.c.obj)
 .text.gpio_nrfx_pin_interrupt_configure
                0x00000000000030b4       0xd4 zephyr/drivers/gpio/libdrivers__gpio.a(gpio_nrfx.c.obj)
 .text.gpio_nrfx_init
                0x0000000000003188       0x38 zephyr/drivers/gpio/libdrivers__gpio.a(gpio_nrfx.c.obj)
 .text.nrfx_gpio_handler
                0x00000000000031c0       0x44 zephyr/drivers/gpio/libdrivers__gpio.a(gpio_nrfx.c.obj)
 .text.gpio_nrfx_pin_configure
                0x0000000000003204      0x144 zephyr/drivers/gpio/libdrivers__gpio.a(gpio_nrfx.c.obj)
 .text.uarte_nrfx_configure
                0x0000000000003348      0x164 zephyr/drivers/serial/libdrivers__serial.a(uart_nrfx_uarte.c.obj)
 .text.uarte_instance_init.constprop.0
                0x00000000000034ac      0x108 zephyr/drivers/serial/libdrivers__serial.a(uart_nrfx_uarte.c.obj)
 .text.uarte_nrfx_poll_out
                0x00000000000035b4       0xc8 zephyr/drivers/serial/libdrivers__serial.a(uart_nrfx_uarte.c.obj)
 .text.compare_int_lock
                0x000000000000367c       0x50 zephyr/drivers/timer/libdrivers__timer.a(nrf_rtc_timer.c.obj)
 .text.sys_clock_timeout_handler
                0x00000000000036cc       0x78 zephyr/drivers/timer/libdrivers__timer.a(nrf_rtc_timer.c.obj)
 .text.compare_int_unlock
                0x0000000000003744       0x5c zephyr/drivers/timer/libdrivers__timer.a(nrf_rtc_timer.c.obj)
 .text.z_nrf_rtc_timer_read
                0x00000000000037a0       0x44 zephyr/drivers/timer/libdrivers__timer.a(nrf_rtc_timer.c.obj)
                0x00000000000037a0                z_nrf_rtc_timer_read
 .text.compare_set
                0x00000000000037e4      0x148 zephyr/drivers/timer/libdrivers__timer.a(nrf_rtc_timer.c.obj)
 .text.sys_clock_driver_init
                0x000000000000392c       0x80 zephyr/drivers/timer/libdrivers__timer.a(nrf_rtc_timer.c.obj)
 .text.rtc_nrf_isr
                0x00000000000039ac       0xec zephyr/drivers/timer/libdrivers__timer.a(nrf_rtc_timer.c.obj)
                0x00000000000039ac                rtc_nrf_isr
 .text.sys_clock_set_timeout
                0x0000000000003a98       0x64 zephyr/drivers/timer/libdrivers__timer.a(nrf_rtc_timer.c.obj)
                0x0000000000003a98                sys_clock_set_timeout
 .text.sys_clock_elapsed
                0x0000000000003afc       0x14 zephyr/drivers/timer/libdrivers__timer.a(nrf_rtc_timer.c.obj)
                0x0000000000003afc                sys_clock_elapsed
 .text.nrf_gpio_pin_clear
                0x0000000000003b10       0x20 zephyr/drivers/pinctrl/libdrivers__pinctrl.a(pinctrl_nrf.c.obj)
 .text.nrf_pin_configure
                0x0000000000003b30       0x44 zephyr/drivers/pinctrl/libdrivers__pinctrl.a(pinctrl_nrf.c.obj)
 .text.nrf_gpio_pin_set
                0x0000000000003b74       0x20 zephyr/drivers/pinctrl/libdrivers__pinctrl.a(pinctrl_nrf.c.obj)
 .text.get_buttons.part.0
                0x0000000000003b94       0x28 modules/nrf/lib/dk_buttons_and_leds/lib..__nrf__lib__dk_buttons_and_leds.a(dk_buttons_and_leds.c.obj)
 .text.get_buttons
                0x0000000000003bbc       0x5c modules/nrf/lib/dk_buttons_and_leds/lib..__nrf__lib__dk_buttons_and_leds.a(dk_buttons_and_leds.c.obj)
 .text.dk_set_leds_state.part.0
                0x0000000000003c18       0x68 modules/nrf/lib/dk_buttons_and_leds/lib..__nrf__lib__dk_buttons_and_leds.a(dk_buttons_and_leds.c.obj)
 .text.callback_ctrl
                0x0000000000003c80       0x5c modules/nrf/lib/dk_buttons_and_leds/lib..__nrf__lib__dk_buttons_and_leds.a(dk_buttons_and_leds.c.obj)
 .text.button_pressed
                0x0000000000003cdc       0x60 modules/nrf/lib/dk_buttons_and_leds/lib..__nrf__lib__dk_buttons_and_leds.a(dk_buttons_and_leds.c.obj)
 .text.buttons_scan_fn
                0x0000000000003d3c       0xe8 modules/nrf/lib/dk_buttons_and_leds/lib..__nrf__lib__dk_buttons_and_leds.a(dk_buttons_and_leds.c.obj)
 .text.dk_leds_init
                0x0000000000003e24       0x54 modules/nrf/lib/dk_buttons_and_leds/lib..__nrf__lib__dk_buttons_and_leds.a(dk_buttons_and_leds.c.obj)
                0x0000000000003e24                dk_leds_init
 .text.dk_read_buttons
                0x0000000000003e78       0x28 modules/nrf/lib/dk_buttons_and_leds/lib..__nrf__lib__dk_buttons_and_leds.a(dk_buttons_and_leds.c.obj)
                0x0000000000003e78                dk_read_buttons
 .text.dk_buttons_init
                0x0000000000003ea0      0x12c modules/nrf/lib/dk_buttons_and_leds/lib..__nrf__lib__dk_buttons_and_leds.a(dk_buttons_and_leds.c.obj)
                0x0000000000003ea0                dk_buttons_init
 .text.dk_set_led
                0x0000000000003fcc       0x64 modules/nrf/lib/dk_buttons_and_leds/lib..__nrf__lib__dk_buttons_and_leds.a(dk_buttons_and_leds.c.obj)
                0x0000000000003fcc                dk_set_led
 .text.k_sys_fatal_error_handler
                0x0000000000004030       0x2c modules/nrf/lib/fatal_error/lib..__nrf__lib__fatal_error.a(fatal_error.c.obj)
                0x0000000000004030                k_sys_fatal_error_handler
 .text.nrf52_errata_98
                0x000000000000405c       0x24 modules/hal_nordic/nrfx/libmodules__hal_nordic__nrfx.a(system_nrf52840.c.obj)
 .text.nvmc_wait
                0x0000000000004080       0x10 modules/hal_nordic/nrfx/libmodules__hal_nordic__nrfx.a(system_nrf52840.c.obj)
                0x0000000000004080                nvmc_wait
 .text.SystemInit
                0x0000000000004090      0x1d4 modules/hal_nordic/nrfx/libmodules__hal_nordic__nrfx.a(system_nrf52840.c.obj)
                0x0000000000004090                SystemInit
 .text.nrfx_flag32_alloc
                0x0000000000004264       0x4c modules/hal_nordic/nrfx/libmodules__hal_nordic__nrfx.a(nrfx_flag32_allocator.c.obj)
                0x0000000000004264                nrfx_flag32_alloc
 .text.nrfx_flag32_free
                0x00000000000042b0       0x44 modules/hal_nordic/nrfx/libmodules__hal_nordic__nrfx.a(nrfx_flag32_allocator.c.obj)
                0x00000000000042b0                nrfx_flag32_free
 .text.clock_stop
                0x00000000000042f4       0xa8 modules/hal_nordic/nrfx/libmodules__hal_nordic__nrfx.a(nrfx_clock.c.obj)
 .text.nrfx_clock_init
                0x000000000000439c       0x20 modules/hal_nordic/nrfx/libmodules__hal_nordic__nrfx.a(nrfx_clock.c.obj)
                0x000000000000439c                nrfx_clock_init
 .text.nrfx_power_clock_irq_handler
                0x00000000000043bc       0x68 modules/hal_nordic/nrfx/libmodules__hal_nordic__nrfx.a(nrfx_clock.c.obj)
                0x00000000000043bc                nrfx_power_clock_irq_handler
 .text.nrf_gpio_pin_port_decode
                0x0000000000004424       0x1c modules/hal_nordic/nrfx/libmodules__hal_nordic__nrfx.a(nrfx_gpiote.c.obj)
 .text.pin_in_use_by_te
                0x0000000000004440       0x14 modules/hal_nordic/nrfx/libmodules__hal_nordic__nrfx.a(nrfx_gpiote.c.obj)
 .text.call_handler
                0x0000000000004454       0x3c modules/hal_nordic/nrfx/libmodules__hal_nordic__nrfx.a(nrfx_gpiote.c.obj)
 .text.release_handler
                0x0000000000004490       0x54 modules/hal_nordic/nrfx/libmodules__hal_nordic__nrfx.a(nrfx_gpiote.c.obj)
 .text.pin_handler_trigger_uninit
                0x00000000000044e4       0x38 modules/hal_nordic/nrfx/libmodules__hal_nordic__nrfx.a(nrfx_gpiote.c.obj)
 .text.nrfx_gpiote_input_configure
                0x000000000000451c      0x15c modules/hal_nordic/nrfx/libmodules__hal_nordic__nrfx.a(nrfx_gpiote.c.obj)
                0x000000000000451c                nrfx_gpiote_input_configure
 .text.nrfx_gpiote_output_configure
                0x0000000000004678       0xe4 modules/hal_nordic/nrfx/libmodules__hal_nordic__nrfx.a(nrfx_gpiote.c.obj)
                0x0000000000004678                nrfx_gpiote_output_configure
 .text.nrfx_gpiote_global_callback_set
                0x000000000000475c        0xc modules/hal_nordic/nrfx/libmodules__hal_nordic__nrfx.a(nrfx_gpiote.c.obj)
                0x000000000000475c                nrfx_gpiote_global_callback_set
 .text.nrfx_gpiote_channel_get
                0x0000000000004768       0x2c modules/hal_nordic/nrfx/libmodules__hal_nordic__nrfx.a(nrfx_gpiote.c.obj)
                0x0000000000004768                nrfx_gpiote_channel_get
 .text.nrfx_gpiote_init
                0x0000000000004794       0x50 modules/hal_nordic/nrfx/libmodules__hal_nordic__nrfx.a(nrfx_gpiote.c.obj)
                0x0000000000004794                nrfx_gpiote_init
 .text.nrfx_gpiote_is_init
                0x00000000000047e4       0x14 modules/hal_nordic/nrfx/libmodules__hal_nordic__nrfx.a(nrfx_gpiote.c.obj)
                0x00000000000047e4                nrfx_gpiote_is_init
 .text.nrfx_gpiote_channel_free
                0x00000000000047f8        0xc modules/hal_nordic/nrfx/libmodules__hal_nordic__nrfx.a(nrfx_gpiote.c.obj)
                0x00000000000047f8                nrfx_gpiote_channel_free
 .text.nrfx_gpiote_channel_alloc
                0x0000000000004804        0xc modules/hal_nordic/nrfx/libmodules__hal_nordic__nrfx.a(nrfx_gpiote.c.obj)
                0x0000000000004804                nrfx_gpiote_channel_alloc
 .text.nrfx_gpiote_trigger_enable
                0x0000000000004810       0x90 modules/hal_nordic/nrfx/libmodules__hal_nordic__nrfx.a(nrfx_gpiote.c.obj)
                0x0000000000004810                nrfx_gpiote_trigger_enable
 .text.nrfx_gpiote_trigger_disable
                0x00000000000048a0       0x50 modules/hal_nordic/nrfx/libmodules__hal_nordic__nrfx.a(nrfx_gpiote.c.obj)
                0x00000000000048a0                nrfx_gpiote_trigger_disable
 .text.nrfx_gpiote_pin_uninit
                0x00000000000048f0       0x48 modules/hal_nordic/nrfx/libmodules__hal_nordic__nrfx.a(nrfx_gpiote.c.obj)
                0x00000000000048f0                nrfx_gpiote_pin_uninit
 .text.nrfx_gpiote_irq_handler
                0x0000000000004938      0x1ac modules/hal_nordic/nrfx/libmodules__hal_nordic__nrfx.a(nrfx_gpiote.c.obj)
                0x0000000000004938                nrfx_gpiote_irq_handler
 .text.nrfx_ppi_channel_alloc
                0x0000000000004ae4        0xc modules/hal_nordic/nrfx/libmodules__hal_nordic__nrfx.a(nrfx_ppi.c.obj)
                0x0000000000004ae4                nrfx_ppi_channel_alloc
 .text.nrfx_twim_init
                0x0000000000004af0       0xc4 modules/hal_nordic/nrfx/libmodules__hal_nordic__nrfx.a(nrfx_twim.c.obj)
                0x0000000000004af0                nrfx_twim_init
 .text.nrfx_twim_enable
                0x0000000000004bb4       0x20 modules/hal_nordic/nrfx/libmodules__hal_nordic__nrfx.a(nrfx_twim.c.obj)
                0x0000000000004bb4                nrfx_twim_enable
 .text.nrfx_twim_0_irq_handler
                0x0000000000004bd4      0x180 modules/hal_nordic/nrfx/libmodules__hal_nordic__nrfx.a(nrfx_twim.c.obj)
                0x0000000000004bd4                nrfx_twim_0_irq_handler
 .text.z_sys_init_run_level
                0x0000000000004d54       0x40 zephyr/kernel/libkernel.a(device.c.obj)
                0x0000000000004d54                z_sys_init_run_level
 .text.z_fatal_error
                0x0000000000004d94       0xfc zephyr/kernel/libkernel.a(fatal.c.obj)
                0x0000000000004d94                z_fatal_error
 .text.bg_thread_main
                0x0000000000004e90       0x34 zephyr/kernel/libkernel.a(init.c.obj)
 .text.z_bss_zero
                0x0000000000004ec4       0x18 zephyr/kernel/libkernel.a(init.c.obj)
                0x0000000000004ec4                z_bss_zero
 .text.z_init_cpu
                0x0000000000004edc       0x70 zephyr/kernel/libkernel.a(init.c.obj)
                0x0000000000004edc                z_init_cpu
 .text.z_cstart
                0x0000000000004f4c       0xd8 zephyr/kernel/libkernel.a(init.c.obj)
                0x0000000000004f4c                z_cstart
 .text.init_mem_slab_module
                0x0000000000005024       0x44 zephyr/kernel/libkernel.a(mem_slab.c.obj)
 .text.k_mem_slab_alloc
                0x0000000000005068       0x5c zephyr/kernel/libkernel.a(mem_slab.c.obj)
                0x0000000000005068                k_mem_slab_alloc
 .text.z_setup_new_thread
                0x00000000000050c4       0x64 zephyr/kernel/libkernel.a(thread.c.obj)
                0x00000000000050c4                z_setup_new_thread
 .text.z_impl_k_thread_create
                0x0000000000005128       0x58 zephyr/kernel/libkernel.a(thread.c.obj)
                0x0000000000005128                z_impl_k_thread_create
 .text.z_init_static_threads
                0x0000000000005180       0xb8 zephyr/kernel/libkernel.a(thread.c.obj)
                0x0000000000005180                z_init_static_threads
 .text.idle     0x0000000000005238       0x38 zephyr/kernel/libkernel.a(idle.c.obj)
                0x0000000000005238                idle
 .text.z_impl_k_mutex_lock
                0x0000000000005270       0xf0 zephyr/kernel/libkernel.a(mutex.c.obj)
                0x0000000000005270                z_impl_k_mutex_lock
 .text.z_impl_k_mutex_unlock
                0x0000000000005360       0x78 zephyr/kernel/libkernel.a(mutex.c.obj)
                0x0000000000005360                z_impl_k_mutex_unlock
 .text.z_impl_k_sem_give
                0x00000000000053d8       0x40 zephyr/kernel/libkernel.a(sem.c.obj)
                0x00000000000053d8                z_impl_k_sem_give
 .text.z_impl_k_sem_take
                0x0000000000005418       0x50 zephyr/kernel/libkernel.a(sem.c.obj)
                0x0000000000005418                z_impl_k_sem_take
 .text.work_queue_main
                0x0000000000005468      0x12c zephyr/kernel/libkernel.a(work.c.obj)
 .text.submit_to_queue_locked
                0x0000000000005594       0xa0 zephyr/kernel/libkernel.a(work.c.obj)
 .text.k_work_queue_start
                0x0000000000005634       0x70 zephyr/kernel/libkernel.a(work.c.obj)
                0x0000000000005634                k_work_queue_start
 .text.k_work_schedule_for_queue
                0x00000000000056a4       0x54 zephyr/kernel/libkernel.a(work.c.obj)
                0x00000000000056a4                k_work_schedule_for_queue
 .text.k_work_schedule
                0x00000000000056f8        0xc zephyr/kernel/libkernel.a(work.c.obj)
                0x00000000000056f8                k_work_schedule
 .text.k_work_reschedule_for_queue
                0x0000000000005704       0x5c zephyr/kernel/libkernel.a(work.c.obj)
                0x0000000000005704                k_work_reschedule_for_queue
 .text.k_work_reschedule
                0x0000000000005760        0xc zephyr/kernel/libkernel.a(work.c.obj)
                0x0000000000005760                k_work_reschedule
 .text.z_reset_time_slice
                0x000000000000576c       0x28 zephyr/kernel/libkernel.a(sched.c.obj)
                0x000000000000576c                z_reset_time_slice
 .text.k_sched_time_slice_set
                0x0000000000005794       0x64 zephyr/kernel/libkernel.a(sched.c.obj)
                0x0000000000005794                k_sched_time_slice_set
 .text.z_reschedule
                0x00000000000057f8       0x24 zephyr/kernel/libkernel.a(sched.c.obj)
                0x00000000000057f8                z_reschedule
 .text.k_sched_lock
                0x000000000000581c       0x28 zephyr/kernel/libkernel.a(sched.c.obj)
                0x000000000000581c                k_sched_lock
 .text.update_cache
                0x0000000000005844       0x40 zephyr/kernel/libkernel.a(sched.c.obj)
 .text.move_thread_to_end_of_prio_q
                0x0000000000005884       0x74 zephyr/kernel/libkernel.a(sched.c.obj)
 .text.z_time_slice
                0x00000000000058f8       0x84 zephyr/kernel/libkernel.a(sched.c.obj)
                0x00000000000058f8                z_time_slice
 .text.ready_thread
                0x000000000000597c       0x6c zephyr/kernel/libkernel.a(sched.c.obj)
 .text.z_sched_start
                0x00000000000059e8       0x3c zephyr/kernel/libkernel.a(sched.c.obj)
                0x00000000000059e8                z_sched_start
 .text.unready_thread
                0x0000000000005a24       0x30 zephyr/kernel/libkernel.a(sched.c.obj)
 .text.pend     0x0000000000005a54       0x4c zephyr/kernel/libkernel.a(sched.c.obj)
 .text.z_pend_curr
                0x0000000000005aa0       0x28 zephyr/kernel/libkernel.a(sched.c.obj)
                0x0000000000005aa0                z_pend_curr
 .text.z_set_prio
                0x0000000000005ac8       0x90 zephyr/kernel/libkernel.a(sched.c.obj)
                0x0000000000005ac8                z_set_prio
 .text.z_impl_k_thread_suspend
                0x0000000000005b58       0x64 zephyr/kernel/libkernel.a(sched.c.obj)
                0x0000000000005b58                z_impl_k_thread_suspend
 .text.k_sched_unlock
                0x0000000000005bbc       0x38 zephyr/kernel/libkernel.a(sched.c.obj)
                0x0000000000005bbc                k_sched_unlock
 .text.z_sched_init
                0x0000000000005bf4       0x18 zephyr/kernel/libkernel.a(sched.c.obj)
                0x0000000000005bf4                z_sched_init
 .text.z_impl_k_yield
                0x0000000000005c0c       0x80 zephyr/kernel/libkernel.a(sched.c.obj)
                0x0000000000005c0c                z_impl_k_yield
 .text.z_tick_sleep
                0x0000000000005c8c       0x90 zephyr/kernel/libkernel.a(sched.c.obj)
 .text.z_impl_k_sleep
                0x0000000000005d1c       0x34 zephyr/kernel/libkernel.a(sched.c.obj)
                0x0000000000005d1c                z_impl_k_sleep
 .text.z_impl_z_current_get
                0x0000000000005d50        0xc zephyr/kernel/libkernel.a(sched.c.obj)
                0x0000000000005d50                z_impl_z_current_get
 .text.z_thread_abort
                0x0000000000005d5c       0xc0 zephyr/kernel/libkernel.a(sched.c.obj)
                0x0000000000005d5c                z_thread_abort
 .text.z_sched_wait
                0x0000000000005e1c       0x24 zephyr/kernel/libkernel.a(sched.c.obj)
                0x0000000000005e1c                z_sched_wait
 .text.z_data_copy
                0x0000000000005e40       0x34 zephyr/kernel/libkernel.a(xip.c.obj)
                0x0000000000005e40                z_data_copy
 .text.elapsed  0x0000000000005e74       0x14 zephyr/kernel/libkernel.a(timeout.c.obj)
 .text.next_timeout
                0x0000000000005e88       0x4c zephyr/kernel/libkernel.a(timeout.c.obj)
 .text.remove_timeout
                0x0000000000005ed4       0x34 zephyr/kernel/libkernel.a(timeout.c.obj)
 .text.z_add_timeout
                0x0000000000005f08       0xf4 zephyr/kernel/libkernel.a(timeout.c.obj)
                0x0000000000005f08                z_add_timeout
 .text.sys_clock_announce
                0x0000000000005ffc       0xb8 zephyr/kernel/libkernel.a(timeout.c.obj)
                0x0000000000005ffc                sys_clock_announce
 .text.sys_clock_tick_get
                0x00000000000060b4       0x34 zephyr/kernel/libkernel.a(timeout.c.obj)
                0x00000000000060b4                sys_clock_tick_get
 .text.z_timer_expiration_handler
                0x00000000000060e8       0xd4 zephyr/kernel/libkernel.a(timer.c.obj)
                0x00000000000060e8                z_timer_expiration_handler
 .text.z_impl_k_timer_start
                0x00000000000061bc       0xa4 zephyr/kernel/libkernel.a(timer.c.obj)
                0x00000000000061bc                z_impl_k_timer_start
 .text.boot_banner
                0x0000000000006260       0x18 zephyr/kernel/libkernel.a(banner.c.obj)
                0x0000000000006260                boot_banner
 .text.k_sys_work_q_init
                0x0000000000006278       0x34 zephyr/kernel/libkernel.a(system_work_q.c.obj)
 .text.nrf_cc3xx_platform_init_no_rng
                0x00000000000062ac       0x38 /opt/nordic/ncs/v2.1.1/nrfxlib/crypto/nrf_cc310_platform/lib/cortex-m4/soft-float/no-interrupts/libnrf_cc310_platform_0.9.15.a(nrf_cc3xx_platform.c.obj)
                0x00000000000062ac                nrf_cc3xx_platform_init_no_rng
 .text.nrf_cc3xx_platform_abort
                0x00000000000062e4       0x24 /opt/nordic/ncs/v2.1.1/nrfxlib/crypto/nrf_cc310_platform/lib/cortex-m4/soft-float/no-interrupts/libnrf_cc310_platform_0.9.15.a(nrf_cc3xx_platform_abort.c.obj)
 .text.CC_PalAbort
                0x0000000000006308       0x34 /opt/nordic/ncs/v2.1.1/nrfxlib/crypto/nrf_cc310_platform/lib/cortex-m4/soft-float/no-interrupts/libnrf_cc310_platform_0.9.15.a(nrf_cc3xx_platform_abort.c.obj)
                0x0000000000006308                CC_PalAbort
 .text.nrf_cc3xx_platform_set_abort
                0x000000000000633c       0x10 /opt/nordic/ncs/v2.1.1/nrfxlib/crypto/nrf_cc310_platform/lib/cortex-m4/soft-float/no-interrupts/libnrf_cc310_platform_0.9.15.a(nrf_cc3xx_platform_abort.c.obj)
                0x000000000000633c                nrf_cc3xx_platform_set_abort
 .text.mutex_free
                0x000000000000634c       0x28 /opt/nordic/ncs/v2.1.1/nrfxlib/crypto/nrf_cc310_platform/lib/cortex-m4/soft-float/no-interrupts/libnrf_cc310_platform_0.9.15.a(nrf_cc3xx_platform_mutex.c.obj)
 .text.mutex_lock
                0x0000000000006374       0x40 /opt/nordic/ncs/v2.1.1/nrfxlib/crypto/nrf_cc310_platform/lib/cortex-m4/soft-float/no-interrupts/libnrf_cc310_platform_0.9.15.a(nrf_cc3xx_platform_mutex.c.obj)
 .text.mutex_unlock
                0x00000000000063b4       0x2c /opt/nordic/ncs/v2.1.1/nrfxlib/crypto/nrf_cc310_platform/lib/cortex-m4/soft-float/no-interrupts/libnrf_cc310_platform_0.9.15.a(nrf_cc3xx_platform_mutex.c.obj)
 .text.mutex_init
                0x00000000000063e0       0x1c /opt/nordic/ncs/v2.1.1/nrfxlib/crypto/nrf_cc310_platform/lib/cortex-m4/soft-float/no-interrupts/libnrf_cc310_platform_0.9.15.a(nrf_cc3xx_platform_mutex.c.obj)
 .text.nrf_cc3xx_platform_set_mutexes
                0x00000000000063fc       0x60 /opt/nordic/ncs/v2.1.1/nrfxlib/crypto/nrf_cc310_platform/lib/cortex-m4/soft-float/no-interrupts/libnrf_cc310_platform_0.9.15.a(nrf_cc3xx_platform_mutex.c.obj)
                0x00000000000063fc                nrf_cc3xx_platform_set_mutexes
 .text.CC_LibInitNoRng
                0x000000000000645c       0x64 /opt/nordic/ncs/v2.1.1/nrfxlib/crypto/nrf_cc310_platform/lib/cortex-m4/soft-float/no-interrupts/libnrf_cc310_platform_0.9.15.a(cc_lib.c.obj)
                0x000000000000645c                CC_LibInitNoRng
 .text.CC_HalInit
                0x00000000000064c0        0x4 /opt/nordic/ncs/v2.1.1/nrfxlib/crypto/nrf_cc310_platform/lib/cortex-m4/soft-float/no-interrupts/libnrf_cc310_platform_0.9.15.a(cc_hal.c.obj)
                0x00000000000064c0                CC_HalInit
 .text.CC_HalTerminate
                0x00000000000064c4        0x4 /opt/nordic/ncs/v2.1.1/nrfxlib/crypto/nrf_cc310_platform/lib/cortex-m4/soft-float/no-interrupts/libnrf_cc310_platform_0.9.15.a(cc_hal.c.obj)
                0x00000000000064c4                CC_HalTerminate
 .text.CC_HalMaskInterrupt
                0x00000000000064c8        0xc /opt/nordic/ncs/v2.1.1/nrfxlib/crypto/nrf_cc310_platform/lib/cortex-m4/soft-float/no-interrupts/libnrf_cc310_platform_0.9.15.a(cc_hal.c.obj)
                0x00000000000064c8                CC_HalMaskInterrupt
 .text.CC_PalInit
                0x00000000000064d4       0x5c /opt/nordic/ncs/v2.1.1/nrfxlib/crypto/nrf_cc310_platform/lib/cortex-m4/soft-float/no-interrupts/libnrf_cc310_platform_0.9.15.a(cc_pal.c.obj)
                0x00000000000064d4                CC_PalInit
 .text.CC_PalTerminate
                0x0000000000006530       0x34 /opt/nordic/ncs/v2.1.1/nrfxlib/crypto/nrf_cc310_platform/lib/cortex-m4/soft-float/no-interrupts/libnrf_cc310_platform_0.9.15.a(cc_pal.c.obj)
                0x0000000000006530                CC_PalTerminate
 .text.CC_PalDmaInit
                0x0000000000006564        0x4 /opt/nordic/ncs/v2.1.1/nrfxlib/crypto/nrf_cc310_platform/lib/cortex-m4/soft-float/no-interrupts/libnrf_cc310_platform_0.9.15.a(cc_pal_dma.c.obj)
                0x0000000000006564                CC_PalDmaInit
 .text.CC_PalDmaTerminate
                0x0000000000006568        0x4 /opt/nordic/ncs/v2.1.1/nrfxlib/crypto/nrf_cc310_platform/lib/cortex-m4/soft-float/no-interrupts/libnrf_cc310_platform_0.9.15.a(cc_pal_dma.c.obj)
                0x0000000000006568                CC_PalDmaTerminate
 .text.CC_PalMutexCreate
                0x000000000000656c       0x14 /opt/nordic/ncs/v2.1.1/nrfxlib/crypto/nrf_cc310_platform/lib/cortex-m4/soft-float/no-interrupts/libnrf_cc310_platform_0.9.15.a(cc_pal_mutex.c.obj)
                0x000000000000656c                CC_PalMutexCreate
 .text.CC_PalMutexDestroy
                0x0000000000006580       0x14 /opt/nordic/ncs/v2.1.1/nrfxlib/crypto/nrf_cc310_platform/lib/cortex-m4/soft-float/no-interrupts/libnrf_cc310_platform_0.9.15.a(cc_pal_mutex.c.obj)
                0x0000000000006580                CC_PalMutexDestroy
 .text.CC_PalPowerSaveModeInit
                0x0000000000006594       0x3c /opt/nordic/ncs/v2.1.1/nrfxlib/crypto/nrf_cc310_platform/lib/cortex-m4/soft-float/no-interrupts/libnrf_cc310_platform_0.9.15.a(cc_pal_pm.c.obj)
                0x0000000000006594                CC_PalPowerSaveModeInit
 .text.CC_PalPowerSaveModeSelect
                0x00000000000065d0       0x84 /opt/nordic/ncs/v2.1.1/nrfxlib/crypto/nrf_cc310_platform/lib/cortex-m4/soft-float/no-interrupts/libnrf_cc310_platform_0.9.15.a(cc_pal_pm.c.obj)
                0x00000000000065d0                CC_PalPowerSaveModeSelect
 .text.button_handler
                0x0000000000006654        0xc app/libapp.a(main.c.obj)
                0x0000000000006654                button_handler
 .text.cbpprintf_external
                0x0000000000006660       0x5a zephyr/libzephyr.a(cbprintf_packaged.c.obj)
                0x0000000000006660                cbpprintf_external
 .text.sys_notify_validate
                0x00000000000066ba       0x22 zephyr/libzephyr.a(notify.c.obj)
                0x00000000000066ba                sys_notify_validate
 .text.sys_notify_finalize
                0x00000000000066dc       0x1a zephyr/libzephyr.a(notify.c.obj)
                0x00000000000066dc                sys_notify_finalize
 .text.arch_printk_char_out
                0x00000000000066f6        0x4 zephyr/libzephyr.a(printk.c.obj)
                0x00000000000066f6                arch_printk_char_out
 .text.str_out  0x00000000000066fa       0x26 zephyr/libzephyr.a(printk.c.obj)
 .text.printk   0x0000000000006720       0x1a zephyr/libzephyr.a(printk.c.obj)
                0x0000000000006720                printk
 .text.snprintk
                0x000000000000673a       0x1a zephyr/libzephyr.a(printk.c.obj)
                0x000000000000673a                snprintk
 .text.process_recheck
                0x0000000000006754       0x38 zephyr/libzephyr.a(onoff.c.obj)
 .text.notify_one
                0x000000000000678c       0x2c zephyr/libzephyr.a(onoff.c.obj)
 .text.transition_complete
                0x00000000000067b8       0x1c zephyr/libzephyr.a(onoff.c.obj)
 .text.validate_args
                0x00000000000067d4       0x1e zephyr/libzephyr.a(onoff.c.obj)
 .text.onoff_manager_init
                0x00000000000067f2       0x26 zephyr/libzephyr.a(onoff.c.obj)
                0x00000000000067f2                onoff_manager_init
 .text.onoff_request
                0x0000000000006818       0x92 zephyr/libzephyr.a(onoff.c.obj)
                0x0000000000006818                onoff_request
 .text.z_thread_entry
                0x00000000000068aa       0x14 zephyr/libzephyr.a(thread_entry.c.obj)
                0x00000000000068aa                z_thread_entry
 .text.encode_uint
                0x00000000000068be       0x8c zephyr/libzephyr.a(cbprintf_complete.c.obj)
 .text.outs     0x000000000000694a       0x2c zephyr/libzephyr.a(cbprintf_complete.c.obj)
 .text.free_space
                0x0000000000006976       0x2a zephyr/libzephyr.a(mpsc_pbuf.c.obj)
 .text.get_usage
                0x00000000000069a0       0x22 zephyr/libzephyr.a(mpsc_pbuf.c.obj)
 .text.idx_inc  0x00000000000069c2       0x1c zephyr/libzephyr.a(mpsc_pbuf.c.obj)
 .text.add_skip_item
                0x00000000000069de       0x2c zephyr/libzephyr.a(mpsc_pbuf.c.obj)
 .text.max_utilization_update
                0x0000000000006a0a       0x22 zephyr/libzephyr.a(mpsc_pbuf.c.obj)
 .text.drop_item_locked
                0x0000000000006a2c       0xb4 zephyr/libzephyr.a(mpsc_pbuf.c.obj)
 .text.mpsc_pbuf_init
                0x0000000000006ae0       0x42 zephyr/libzephyr.a(mpsc_pbuf.c.obj)
                0x0000000000006ae0                mpsc_pbuf_init
 .text.mpsc_pbuf_alloc
                0x0000000000006b22       0xf2 zephyr/libzephyr.a(mpsc_pbuf.c.obj)
                0x0000000000006b22                mpsc_pbuf_alloc
 .text.mpsc_pbuf_commit
                0x0000000000006c14       0x40 zephyr/libzephyr.a(mpsc_pbuf.c.obj)
                0x0000000000006c14                mpsc_pbuf_commit
 .text.mpsc_pbuf_claim
                0x0000000000006c54       0x98 zephyr/libzephyr.a(mpsc_pbuf.c.obj)
                0x0000000000006c54                mpsc_pbuf_claim
 .text.mpsc_pbuf_free
                0x0000000000006cec       0x68 zephyr/libzephyr.a(mpsc_pbuf.c.obj)
                0x0000000000006cec                mpsc_pbuf_free
 .text.mpsc_pbuf_is_pending
                0x0000000000006d54       0x16 zephyr/libzephyr.a(mpsc_pbuf.c.obj)
                0x0000000000006d54                mpsc_pbuf_is_pending
 .text._ConfigAbsSyms
                0x0000000000006d6a        0x2 zephyr/libzephyr.a(configs.c.obj)
                0x0000000000006d6a                _ConfigAbsSyms
 .text.log_msg_generic_get_wlen
                0x0000000000006d6c       0x22 zephyr/libzephyr.a(log_core.c.obj)
 .text.dummy_timestamp
                0x0000000000006d8e        0x4 zephyr/libzephyr.a(log_core.c.obj)
 .text.default_get_timestamp
                0x0000000000006d92        0x4 zephyr/libzephyr.a(log_core.c.obj)
 .text.notify_drop
                0x0000000000006d96        0x6 zephyr/libzephyr.a(log_core.c.obj)
 .text.z_log_get_tag
                0x0000000000006d9c        0x4 zephyr/libzephyr.a(log_core.c.obj)
                0x0000000000006d9c                z_log_get_tag
 .text.z_cbprintf_cpy
                0x0000000000006da0       0x2e zephyr/libzephyr.a(log_msg.c.obj)
 .text.z_log_msg_finalize
                0x0000000000006dce       0x36 zephyr/libzephyr.a(log_msg.c.obj)
                0x0000000000006dce                z_log_msg_finalize
 .text.buffer_write
                0x0000000000006e04       0x1a zephyr/libzephyr.a(log_output.c.obj)
 .text.cbvprintf
                0x0000000000006e1e        0xe zephyr/libzephyr.a(log_output.c.obj)
 .text.log_output_flush
                0x0000000000006e2c       0x1a zephyr/libzephyr.a(log_output.c.obj)
                0x0000000000006e2c                log_output_flush
 .text.out_func
                0x0000000000006e46       0x36 zephyr/libzephyr.a(log_output.c.obj)
 .text.cr_out_func
                0x0000000000006e7c       0x1a zephyr/libzephyr.a(log_output.c.obj)
 .text.abort_function
                0x0000000000006e96        0x8 zephyr/libzephyr.a(nrf_cc3xx_platform_abort_zephyr.c.obj)
 .text.z_do_kernel_oops
                0x0000000000006e9e        0x8 zephyr/arch/arch/arm/core/aarch32/libarch__arm__core__aarch32.a(fatal.c.obj)
                0x0000000000006e9e                z_do_kernel_oops
 .text.z_irq_spurious
                0x0000000000006ea6        0x8 zephyr/arch/arch/arm/core/aarch32/libarch__arm__core__aarch32.a(irq_manage.c.obj)
                0x0000000000006ea6                z_irq_spurious
 .text.z_arm_nmi
                0x0000000000006eae        0xe zephyr/arch/arch/arm/core/aarch32/libarch__arm__core__aarch32.a(nmi.c.obj)
                0x0000000000006eae                z_arm_nmi
 .text.z_log_msg_static_create.constprop.0
                0x0000000000006ebc        0x6 zephyr/arch/arch/arm/core/aarch32/cortex_m/libarch__arm__core__aarch32__cortex_m.a(fault.c.obj)
 .text.strlen   0x0000000000006ec2        0xe zephyr/lib/libc/minimal/liblib__libc__minimal.a(string.c.obj)
                0x0000000000006ec2                strlen
 .text.strnlen  0x0000000000006ed0       0x12 zephyr/lib/libc/minimal/liblib__libc__minimal.a(string.c.obj)
                0x0000000000006ed0                strnlen
 .text.memcpy   0x0000000000006ee2       0x16 zephyr/lib/libc/minimal/liblib__libc__minimal.a(string.c.obj)
                0x0000000000006ee2                memcpy
 .text.memset   0x0000000000006ef8       0x12 zephyr/lib/libc/minimal/liblib__libc__minimal.a(string.c.obj)
                0x0000000000006ef8                memset
 .text._stdout_hook_default
                0x0000000000006f0a        0x6 zephyr/lib/libc/minimal/liblib__libc__minimal.a(stdout_console.c.obj)
 .text.pm_state_set
                0x0000000000006f10       0x18 zephyr/soc/arm/nordic_nrf/nrf52/libsoc__arm__nordic_nrf__nrf52.a(power.c.obj)
                0x0000000000006f10                pm_state_set
 .text.pm_state_exit_post_ops
                0x0000000000006f28        0xc zephyr/soc/arm/nordic_nrf/nrf52/libsoc__arm__nordic_nrf__nrf52.a(power.c.obj)
                0x0000000000006f28                pm_state_exit_post_ops
 .text.get_status
                0x0000000000006f34       0x12 zephyr/drivers/clock_control/libdrivers__clock_control.a(clock_control_nrf.c.obj)
 .text.set_on_state
                0x0000000000006f46       0x26 zephyr/drivers/clock_control/libdrivers__clock_control.a(clock_control_nrf.c.obj)
 .text.stop     0x0000000000006f6c       0x54 zephyr/drivers/clock_control/libdrivers__clock_control.a(clock_control_nrf.c.obj)
 .text.api_stop
                0x0000000000006fc0        0x6 zephyr/drivers/clock_control/libdrivers__clock_control.a(clock_control_nrf.c.obj)
 .text.async_start
                0x0000000000006fc6       0x60 zephyr/drivers/clock_control/libdrivers__clock_control.a(clock_control_nrf.c.obj)
 .text.api_start
                0x0000000000007026        0xe zephyr/drivers/clock_control/libdrivers__clock_control.a(clock_control_nrf.c.obj)
 .text.onoff_started_callback
                0x0000000000007034       0x12 zephyr/drivers/clock_control/libdrivers__clock_control.a(clock_control_nrf.c.obj)
 .text.lfclk_start
                0x0000000000007046        0x6 zephyr/drivers/clock_control/libdrivers__clock_control.a(clock_control_nrf.c.obj)
 .text.lfclk_stop
                0x000000000000704c        0x6 zephyr/drivers/clock_control/libdrivers__clock_control.a(clock_control_nrf.c.obj)
 .text.blocking_start_callback
                0x0000000000007052        0x6 zephyr/drivers/clock_control/libdrivers__clock_control.a(clock_control_nrf.c.obj)
 .text.gpio_nrfx_port_get_raw
                0x0000000000007058        0xe zephyr/drivers/gpio/libdrivers__gpio.a(gpio_nrfx.c.obj)
 .text.gpio_nrfx_port_set_masked_raw
                0x0000000000007066       0x18 zephyr/drivers/gpio/libdrivers__gpio.a(gpio_nrfx.c.obj)
 .text.gpio_nrfx_port_set_bits_raw
                0x000000000000707e        0xc zephyr/drivers/gpio/libdrivers__gpio.a(gpio_nrfx.c.obj)
 .text.gpio_nrfx_port_clear_bits_raw
                0x000000000000708a        0xc zephyr/drivers/gpio/libdrivers__gpio.a(gpio_nrfx.c.obj)
 .text.gpio_nrfx_port_toggle_bits
                0x0000000000007096       0x1a zephyr/drivers/gpio/libdrivers__gpio.a(gpio_nrfx.c.obj)
 .text.gpio_nrfx_manage_callback
                0x00000000000070b0       0x54 zephyr/drivers/gpio/libdrivers__gpio.a(gpio_nrfx.c.obj)
 .text.uarte_nrfx_config_get
                0x0000000000007104       0x10 zephyr/drivers/serial/libdrivers__serial.a(uart_nrfx_uarte.c.obj)
 .text.uarte_nrfx_err_check
                0x0000000000007114        0xe zephyr/drivers/serial/libdrivers__serial.a(uart_nrfx_uarte.c.obj)
 .text.uarte_nrfx_poll_in
                0x0000000000007122       0x28 zephyr/drivers/serial/libdrivers__serial.a(uart_nrfx_uarte.c.obj)
 .text.is_tx_ready.isra.0
                0x000000000000714a       0x20 zephyr/drivers/serial/libdrivers__serial.a(uart_nrfx_uarte.c.obj)
 .text.uarte_nrfx_isr_int
                0x000000000000716a       0x72 zephyr/drivers/serial/libdrivers__serial.a(uart_nrfx_uarte.c.obj)
 .text.uarte_1_init
                0x00000000000071dc       0x1e zephyr/drivers/serial/libdrivers__serial.a(uart_nrfx_uarte.c.obj)
 .text.uarte_0_init
                0x00000000000071fa       0x1e zephyr/drivers/serial/libdrivers__serial.a(uart_nrfx_uarte.c.obj)
 .text.sys_clock_idle_exit
                0x0000000000007218        0x2 zephyr/drivers/timer/libdrivers__timer.a(sys_clock_init.c.obj)
                0x0000000000007218                sys_clock_idle_exit
 .text.sys_clock_cycle_get_32
                0x000000000000721a        0x8 zephyr/drivers/timer/libdrivers__timer.a(nrf_rtc_timer.c.obj)
                0x000000000000721a                sys_clock_cycle_get_32
 .text.pinctrl_lookup_state
                0x0000000000007222       0x30 zephyr/drivers/pinctrl/libdrivers__pinctrl.a(common.c.obj)
                0x0000000000007222                pinctrl_lookup_state
 .text.nrf_gpio_pin_write
                0x0000000000007252        0xa zephyr/drivers/pinctrl/libdrivers__pinctrl.a(pinctrl_nrf.c.obj)
 .text.pinctrl_configure_pins
                0x000000000000725c      0x158 zephyr/drivers/pinctrl/libdrivers__pinctrl.a(pinctrl_nrf.c.obj)
                0x000000000000725c                pinctrl_configure_pins
 .text.gpio_pin_configure_dt
                0x00000000000073b4       0x2c modules/nrf/lib/dk_buttons_and_leds/lib..__nrf__lib__dk_buttons_and_leds.a(dk_buttons_and_leds.c.obj)
 .text.gpio_pin_set
                0x00000000000073e0       0x20 modules/nrf/lib/dk_buttons_and_leds/lib..__nrf__lib__dk_buttons_and_leds.a(dk_buttons_and_leds.c.obj)
 .text.z_log_msg_static_create.constprop.0
                0x0000000000007400        0x6 modules/nrf/lib/dk_buttons_and_leds/lib..__nrf__lib__dk_buttons_and_leds.a(dk_buttons_and_leds.c.obj)
 .text.hw_cc3xx_init_internal
                0x0000000000007406        0x4 modules/nrf/drivers/hw_cc310/lib..__nrf__drivers__hw_cc310.a(hw_cc310.c.obj)
 .text.hw_cc3xx_init
                0x000000000000740a       0x12 modules/nrf/drivers/hw_cc310/lib..__nrf__drivers__hw_cc310.a(hw_cc310.c.obj)
 .text.nrf52_errata_36
                0x000000000000741c       0x12 modules/hal_nordic/nrfx/libmodules__hal_nordic__nrfx.a(system_nrf52840.c.obj)
 .text.nrfx_isr
                0x000000000000742e        0x2 modules/hal_nordic/nrfx/libmodules__hal_nordic__nrfx.a(nrfx_glue.c.obj)
                0x000000000000742e                nrfx_isr
 .text.nrfx_busy_wait
                0x0000000000007430        0x4 modules/hal_nordic/nrfx/libmodules__hal_nordic__nrfx.a(nrfx_glue.c.obj)
                0x0000000000007430                nrfx_busy_wait
 .text.nrfx_clock_enable
                0x0000000000007434       0x1a modules/hal_nordic/nrfx/libmodules__hal_nordic__nrfx.a(nrfx_clock.c.obj)
                0x0000000000007434                nrfx_clock_enable
 .text.nrfx_clock_start
                0x000000000000744e       0x7a modules/hal_nordic/nrfx/libmodules__hal_nordic__nrfx.a(nrfx_clock.c.obj)
                0x000000000000744e                nrfx_clock_start
 .text.nrfx_clock_stop
                0x00000000000074c8        0x4 modules/hal_nordic/nrfx/libmodules__hal_nordic__nrfx.a(nrfx_clock.c.obj)
                0x00000000000074c8                nrfx_clock_stop
 .text.nrf_gpio_reconfigure
                0x00000000000074cc       0x8e modules/hal_nordic/nrfx/libmodules__hal_nordic__nrfx.a(nrfx_gpiote.c.obj)
 .text.nrf_gpio_cfg_sense_set
                0x000000000000755a       0x1e modules/hal_nordic/nrfx/libmodules__hal_nordic__nrfx.a(nrfx_gpiote.c.obj)
 .text.xfer_completeness_check
                0x0000000000007578       0x60 modules/hal_nordic/nrfx/libmodules__hal_nordic__nrfx.a(nrfx_twim.c.obj)
 .text.z_device_state_init
                0x00000000000075d8        0x2 zephyr/kernel/libkernel.a(device.c.obj)
                0x00000000000075d8                z_device_state_init
 .text.z_device_is_ready
                0x00000000000075da       0x14 zephyr/kernel/libkernel.a(device.c.obj)
                0x00000000000075da                z_device_is_ready
 .text.z_early_memset
                0x00000000000075ee        0x4 zephyr/kernel/libkernel.a(init.c.obj)
                0x00000000000075ee                z_early_memset
 .text.z_early_memcpy
                0x00000000000075f2        0x4 zephyr/kernel/libkernel.a(init.c.obj)
                0x00000000000075f2                z_early_memcpy
 .text.k_mem_slab_init
                0x00000000000075f6       0x36 zephyr/kernel/libkernel.a(mem_slab.c.obj)
                0x00000000000075f6                k_mem_slab_init
 .text.k_mem_slab_free
                0x000000000000762c       0x52 zephyr/kernel/libkernel.a(mem_slab.c.obj)
                0x000000000000762c                k_mem_slab_free
 .text.k_is_in_isr
                0x000000000000767e        0xc zephyr/kernel/libkernel.a(thread.c.obj)
                0x000000000000767e                k_is_in_isr
 .text.z_impl_k_thread_name_set
                0x000000000000768a        0x6 zephyr/kernel/libkernel.a(thread.c.obj)
                0x000000000000768a                z_impl_k_thread_name_set
 .text.k_thread_name_get
                0x0000000000007690        0x4 zephyr/kernel/libkernel.a(thread.c.obj)
                0x0000000000007690                k_thread_name_get
 .text.z_impl_k_thread_start
                0x0000000000007694        0x4 zephyr/kernel/libkernel.a(thread.c.obj)
                0x0000000000007694                z_impl_k_thread_start
 .text.z_pm_save_idle_exit
                0x0000000000007698        0xe zephyr/kernel/libkernel.a(idle.c.obj)
                0x0000000000007698                z_pm_save_idle_exit
 .text.adjust_owner_prio.isra.0
                0x00000000000076a6       0x10 zephyr/kernel/libkernel.a(mutex.c.obj)
 .text.z_impl_k_mutex_init
                0x00000000000076b6        0xe zephyr/kernel/libkernel.a(mutex.c.obj)
                0x00000000000076b6                z_impl_k_mutex_init
 .text.z_impl_k_sem_init
                0x00000000000076c4       0x18 zephyr/kernel/libkernel.a(sem.c.obj)
                0x00000000000076c4                z_impl_k_sem_init
 .text.flag_test_and_clear
                0x00000000000076dc       0x16 zephyr/kernel/libkernel.a(work.c.obj)
 .text.unschedule_locked
                0x00000000000076f2       0x1c zephyr/kernel/libkernel.a(work.c.obj)
 .text.notify_queue_locked.isra.0
                0x000000000000770e        0xe zephyr/kernel/libkernel.a(work.c.obj)
 .text.work_timeout
                0x000000000000771c       0x3e zephyr/kernel/libkernel.a(work.c.obj)
 .text.k_work_init_delayable
                0x000000000000775a       0x18 zephyr/kernel/libkernel.a(work.c.obj)
                0x000000000000775a                k_work_init_delayable
 .text.sys_dlist_remove
                0x0000000000007772       0x10 zephyr/kernel/libkernel.a(sched.c.obj)
 .text.unpend_thread_no_timeout
                0x0000000000007782       0x14 zephyr/kernel/libkernel.a(sched.c.obj)
 .text.z_unpend_thread_no_timeout
                0x0000000000007796       0x20 zephyr/kernel/libkernel.a(sched.c.obj)
                0x0000000000007796                z_unpend_thread_no_timeout
 .text.z_reschedule_irqlock
                0x00000000000077b6       0x18 zephyr/kernel/libkernel.a(sched.c.obj)
                0x00000000000077b6                z_reschedule_irqlock
 .text.z_reschedule_unlocked
                0x00000000000077ce       0x14 zephyr/kernel/libkernel.a(sched.c.obj)
 .text.z_priq_dumb_best
                0x00000000000077e2        0xc zephyr/kernel/libkernel.a(sched.c.obj)
                0x00000000000077e2                z_priq_dumb_best
 .text.z_ready_thread
                0x00000000000077ee       0x20 zephyr/kernel/libkernel.a(sched.c.obj)
                0x00000000000077ee                z_ready_thread
 .text.z_thread_timeout
                0x000000000000780e       0x44 zephyr/kernel/libkernel.a(sched.c.obj)
                0x000000000000780e                z_thread_timeout
 .text.add_to_waitq_locked
                0x0000000000007852       0x54 zephyr/kernel/libkernel.a(sched.c.obj)
 .text.z_unpend1_no_timeout
                0x00000000000078a6       0x2a zephyr/kernel/libkernel.a(sched.c.obj)
                0x00000000000078a6                z_unpend1_no_timeout
 .text.z_unpend_first_thread
                0x00000000000078d0       0x30 zephyr/kernel/libkernel.a(sched.c.obj)
                0x00000000000078d0                z_unpend_first_thread
 .text.z_sched_wake
                0x0000000000007900       0x3a zephyr/kernel/libkernel.a(sched.c.obj)
                0x0000000000007900                z_sched_wake
 .text.z_abort_timeout
                0x000000000000793a       0x2c zephyr/kernel/libkernel.a(timeout.c.obj)
                0x000000000000793a                z_abort_timeout
 .text.z_get_next_timeout_expiry
                0x0000000000007966       0x20 zephyr/kernel/libkernel.a(timeout.c.obj)
                0x0000000000007966                z_get_next_timeout_expiry
 .text.z_set_timeout_expiry
                0x0000000000007986       0x34 zephyr/kernel/libkernel.a(timeout.c.obj)
                0x0000000000007986                z_set_timeout_expiry
 .text.sys_clock_tick_get_32
                0x00000000000079ba        0x8 zephyr/kernel/libkernel.a(timeout.c.obj)
                0x00000000000079ba                sys_clock_tick_get_32
 .text.z_impl_k_uptime_ticks
                0x00000000000079c2        0x4 zephyr/kernel/libkernel.a(timeout.c.obj)
                0x00000000000079c2                z_impl_k_uptime_ticks
 .text.z_impl_k_busy_wait
                0x00000000000079c6        0x8 zephyr/kernel/libkernel.a(timeout.c.obj)
                0x00000000000079c6                z_impl_k_busy_wait
 .text.k_timer_init
                0x00000000000079ce       0x18 zephyr/kernel/libkernel.a(timer.c.obj)
                0x00000000000079ce                k_timer_init
 .text.z_impl_k_timer_stop
                0x00000000000079e6       0x3a zephyr/kernel/libkernel.a(timer.c.obj)
                0x00000000000079e6                z_impl_k_timer_stop
 .text._OffsetAbsSyms
                0x0000000000007a20        0x2 zephyr/CMakeFiles/offsets.dir/./arch/arm/core/offsets/offsets.c.obj
                0x0000000000007a20                _OffsetAbsSyms
 *(SORT_BY_ALIGNMENT(.TEXT.*))
 *(SORT_BY_ALIGNMENT(.gnu.linkonce.t.*))
 *(SORT_BY_ALIGNMENT(.glue_7t))
 .glue_7t       0x0000000000007a22        0x0 linker stubs
 *(SORT_BY_ALIGNMENT(.glue_7))
 .glue_7        0x0000000000007a22        0x0 linker stubs
 *(SORT_BY_ALIGNMENT(.vfp11_veneer))
 .vfp11_veneer  0x0000000000007a22        0x0 linker stubs
 *(SORT_BY_ALIGNMENT(.v4_bx))
 .v4_bx         0x0000000000007a22        0x0 linker stubs
                0x0000000000007a22                __text_region_end = .

.ARM.exidx      0x0000000000007a24        0x8
                0x0000000000007a24                __exidx_start = .
 *(SORT_BY_ALIGNMENT(.ARM.exidx*) SORT_BY_ALIGNMENT(gnu.linkonce.armexidx.*))
 .ARM.exidx     0x0000000000007a24        0x8 /opt/nordic/ncs/toolchains/v2.1.1/opt/zephyr-sdk/arm-zephyr-eabi/bin/../lib/gcc/arm-zephyr-eabi/10.3.0/thumb/v7e-m/nofp/libgcc.a(_udivmoddi4.o)
                0x0000000000007a2c                __exidx_end = .
                0x0000000000007a2c                __rodata_region_start = .

initlevel       0x0000000000007a2c       0x68
                0x0000000000007a2c                __init_start = .
                0x0000000000007a2c                __init_PRE_KERNEL_1_start = .
 *(SORT_BY_NAME(SORT_BY_ALIGNMENT(.z_init_PRE_KERNEL_1[0-9]_*)))
 .z_init_PRE_KERNEL_10_
                0x0000000000007a2c        0x8 zephyr/soc/arm/nordic_nrf/nrf52/libsoc__arm__nordic_nrf__nrf52.a(soc.c.obj)
 *(SORT_BY_NAME(SORT_BY_ALIGNMENT(.z_init_PRE_KERNEL_1[1-9][0-9]_*)))
 .z_init_PRE_KERNEL_130_
                0x0000000000007a34        0x8 zephyr/drivers/clock_control/libdrivers__clock_control.a(clock_control_nrf.c.obj)
 .z_init_PRE_KERNEL_130_
                0x0000000000007a3c        0x8 zephyr/kernel/libkernel.a(mem_slab.c.obj)
 .z_init_PRE_KERNEL_140_
                0x0000000000007a44       0x10 zephyr/drivers/gpio/libdrivers__gpio.a(gpio_nrfx.c.obj)
 .z_init_PRE_KERNEL_140_
                0x0000000000007a54        0x8 modules/nrf/drivers/hw_cc310/lib..__nrf__drivers__hw_cc310.a(hw_cc310.c.obj)
 .z_init_PRE_KERNEL_155_
                0x0000000000007a5c       0x10 zephyr/drivers/serial/libdrivers__serial.a(uart_nrfx_uarte.c.obj)
 .z_init_PRE_KERNEL_160_
                0x0000000000007a6c        0x8 zephyr/drivers/console/libdrivers__console.a(uart_console.c.obj)
                0x0000000000007a74                __init_PRE_KERNEL_2_start = .
 *(SORT_BY_NAME(SORT_BY_ALIGNMENT(.z_init_PRE_KERNEL_2[0-9]_*)))
 .z_init_PRE_KERNEL_20_
                0x0000000000007a74        0x8 zephyr/drivers/timer/libdrivers__timer.a(nrf_rtc_timer.c.obj)
 *(SORT_BY_NAME(SORT_BY_ALIGNMENT(.z_init_PRE_KERNEL_2[1-9][0-9]_*)))
                0x0000000000007a7c                __init_POST_KERNEL_start = .
 *(SORT_BY_NAME(SORT_BY_ALIGNMENT(.z_init_POST_KERNEL[0-9]_*)))
 .z_init_POST_KERNEL0_
                0x0000000000007a7c        0x8 zephyr/libzephyr.a(log_core.c.obj)
 *(SORT_BY_NAME(SORT_BY_ALIGNMENT(.z_init_POST_KERNEL[1-9][0-9]_*)))
 .z_init_POST_KERNEL40_
                0x0000000000007a84        0x8 modules/nrf/drivers/hw_cc310/lib..__nrf__drivers__hw_cc310.a(hw_cc310.c.obj)
 .z_init_POST_KERNEL40_
                0x0000000000007a8c        0x8 zephyr/kernel/libkernel.a(system_work_q.c.obj)
                0x0000000000007a94                __init_APPLICATION_start = .
 *(SORT_BY_NAME(SORT_BY_ALIGNMENT(.z_init_APPLICATION[0-9]_*)))
 *(SORT_BY_NAME(SORT_BY_ALIGNMENT(.z_init_APPLICATION[1-9][0-9]_*)))
                0x0000000000007a94                __init_SMP_start = .
 *(SORT_BY_NAME(SORT_BY_ALIGNMENT(.z_init_SMP[0-9]_*)))
 *(SORT_BY_NAME(SORT_BY_ALIGNMENT(.z_init_SMP[1-9][0-9]_*)))
                0x0000000000007a94                __init_end = .

devices         0x0000000000007a94       0x78
                0x0000000000007a94                __device_start = .
                0x0000000000007a94                __device_PRE_KERNEL_1_start = .
 *(SORT_BY_NAME(SORT_BY_ALIGNMENT(.z_device_PRE_KERNEL_1[0-9]_*)))
 *(SORT_BY_NAME(SORT_BY_ALIGNMENT(.z_device_PRE_KERNEL_1[1-9][0-9]_*)))
 .z_device_PRE_KERNEL_130_
                0x0000000000007a94       0x18 zephyr/drivers/clock_control/libdrivers__clock_control.a(clock_control_nrf.c.obj)
                0x0000000000007a94                __device_dts_ord_74
 .z_device_PRE_KERNEL_140_
                0x0000000000007aac       0x30 zephyr/drivers/gpio/libdrivers__gpio.a(gpio_nrfx.c.obj)
                0x0000000000007aac                __device_dts_ord_11
                0x0000000000007ac4                __device_dts_ord_106
 .z_device_PRE_KERNEL_155_
                0x0000000000007adc       0x30 zephyr/drivers/serial/libdrivers__serial.a(uart_nrfx_uarte.c.obj)
                0x0000000000007adc                __device_dts_ord_115
                0x0000000000007af4                __device_dts_ord_114
                0x0000000000007b0c                __device_PRE_KERNEL_2_start = .
 *(SORT_BY_NAME(SORT_BY_ALIGNMENT(.z_device_PRE_KERNEL_2[0-9]_*)))
 *(SORT_BY_NAME(SORT_BY_ALIGNMENT(.z_device_PRE_KERNEL_2[1-9][0-9]_*)))
                0x0000000000007b0c                __device_POST_KERNEL_start = .
 *(SORT_BY_NAME(SORT_BY_ALIGNMENT(.z_device_POST_KERNEL[0-9]_*)))
 *(SORT_BY_NAME(SORT_BY_ALIGNMENT(.z_device_POST_KERNEL[1-9][0-9]_*)))
                0x0000000000007b0c                __device_APPLICATION_start = .
 *(SORT_BY_NAME(SORT_BY_ALIGNMENT(.z_device_APPLICATION[0-9]_*)))
 *(SORT_BY_NAME(SORT_BY_ALIGNMENT(.z_device_APPLICATION[1-9][0-9]_*)))
                0x0000000000007b0c                __device_SMP_start = .
 *(SORT_BY_NAME(SORT_BY_ALIGNMENT(.z_device_SMP[0-9]_*)))
 *(SORT_BY_NAME(SORT_BY_ALIGNMENT(.z_device_SMP[1-9][0-9]_*)))
                0x0000000000007b0c                __device_end = .

sw_isr_table    0x0000000000007b0c      0x180
                0x0000000000007b0c                . = ALIGN (0x4)
 *(SORT_BY_ALIGNMENT(.gnu.linkonce.sw_isr_table*))
 .gnu.linkonce.sw_isr_table
                0x0000000000007b0c      0x180 zephyr/arch/common/libisr_tables.a(isr_tables.c.obj)
                0x0000000000007b0c                _sw_isr_table

initlevel_error
                0x0000000000007a2c        0x0
 *(SORT_BY_NAME(SORT_BY_ALIGNMENT(.z_init_[_A-Z0-9]*)))
                0x0000000000000001                ASSERT ((SIZEOF (initlevel_error) == 0x0), Undefined initialization levels used.)

app_shmem_regions
                0x0000000000007c8c        0x0
                0x0000000000007c8c                __app_shmem_regions_start = .
 *(SORT_BY_NAME(SORT_BY_ALIGNMENT(.app_regions.*)))
                0x0000000000007c8c                __app_shmem_regions_end = .

k_p4wq_initparam_area
                0x0000000000007c8c        0x0
                0x0000000000007c8c                _k_p4wq_initparam_list_start = .
 *(SORT_BY_NAME(SORT_BY_ALIGNMENT(._k_p4wq_initparam.static.*)))
                0x0000000000007c8c                _k_p4wq_initparam_list_end = .

device_handles  0x0000000000007c8c       0x48
                0x0000000000007c8c                __device_handles_start = .
 *(SORT_BY_NAME(SORT_BY_ALIGNMENT(.__device_handles_pass1*)))
 .__device_handles_pass1
                0x0000000000007c8c        0xa zephyr/drivers/clock_control/libdrivers__clock_control.a(clock_control_nrf.c.obj)
                0x0000000000007c8c                __devicehdl_DT_N_S_soc_S_clock_40000000
 .__device_handles_pass1
                0x0000000000007c96       0x22 zephyr/drivers/gpio/libdrivers__gpio.a(gpio_nrfx.c.obj)
                0x0000000000007c96                __devicehdl_DT_N_S_soc_S_gpio_50000300
                0x0000000000007ca0                __devicehdl_DT_N_S_soc_S_gpio_50000000
 .__device_handles_pass1
                0x0000000000007cb8       0x1c zephyr/drivers/serial/libdrivers__serial.a(uart_nrfx_uarte.c.obj)
                0x0000000000007cb8                __devicehdl_DT_N_S_soc_S_uart_40028000
                0x0000000000007cc6                __devicehdl_DT_N_S_soc_S_uart_40002000
                0x0000000000007cd4                __device_handles_end = .

ztest           0x0000000000007cd4        0x0
                0x0000000000007cd4                _ztest_suite_node_list_start = .
 *(SORT_BY_NAME(SORT_BY_ALIGNMENT(._ztest_suite_node.static.*)))
                0x0000000000007cd4                _ztest_suite_node_list_end = .
                0x0000000000007cd4                _ztest_unit_test_list_start = .
 *(SORT_BY_NAME(SORT_BY_ALIGNMENT(._ztest_unit_test.static.*)))
                0x0000000000007cd4                _ztest_unit_test_list_end = .
                0x0000000000007cd4                _ztest_test_rule_list_start = .
 *(SORT_BY_NAME(SORT_BY_ALIGNMENT(._ztest_test_rule.static.*)))
                0x0000000000007cd4                _ztest_test_rule_list_end = .

bt_l2cap_fixed_chan_area
                0x0000000000007cd4        0x0
                0x0000000000007cd4                _bt_l2cap_fixed_chan_list_start = .
 *(SORT_BY_NAME(SORT_BY_ALIGNMENT(._bt_l2cap_fixed_chan.static.*)))
                0x0000000000007cd4                _bt_l2cap_fixed_chan_list_end = .

bt_gatt_service_static_area
                0x0000000000007cd4        0x0
                0x0000000000007cd4                _bt_gatt_service_static_list_start = .
 *(SORT_BY_NAME(SORT_BY_ALIGNMENT(._bt_gatt_service_static.static.*)))
                0x0000000000007cd4                _bt_gatt_service_static_list_end = .

log_strings_sections
                0x0000000000007cd4        0x0
                0x0000000000007cd4                __log_strings_start = .
 *(SORT_BY_NAME(SORT_BY_ALIGNMENT(.log_strings*)))
                0x0000000000007cd4                __log_strings_end = .

log_const_sections
                0x0000000000007cd4       0x60
                0x0000000000007cd4                __log_const_start = .
 *(SORT_BY_NAME(SORT_BY_ALIGNMENT(.log_const_*)))
 .log_const_app
                0x0000000000007cd4        0x8 app/libapp.a(main.c.obj)
                0x0000000000007cd4                log_const_app
 .log_const_clock_control
                0x0000000000007cdc        0x8 zephyr/drivers/clock_control/libdrivers__clock_control.a(clock_control_nrf.c.obj)
                0x0000000000007cdc                log_const_clock_control
 .log_const_dk_buttons_and_leds
                0x0000000000007ce4        0x8 modules/nrf/lib/dk_buttons_and_leds/lib..__nrf__lib__dk_buttons_and_leds.a(dk_buttons_and_leds.c.obj)
                0x0000000000007ce4                log_const_dk_buttons_and_leds
 .log_const_fatal_error
                0x0000000000007cec        0x8 modules/nrf/lib/fatal_error/lib..__nrf__lib__fatal_error.a(fatal_error.c.obj)
                0x0000000000007cec                log_const_fatal_error
 .log_const_log
                0x0000000000007cf4        0x8 zephyr/libzephyr.a(log_core.c.obj)
                0x0000000000007cf4                log_const_log
 .log_const_log_uart
                0x0000000000007cfc        0x8 zephyr/libzephyr.a(log_backend_uart.c.obj)
                0x0000000000007cfc                log_const_log_uart
 .log_const_mpu
                0x0000000000007d04        0x8 zephyr/arch/arch/arm/core/aarch32/mpu/libarch__arm__core__aarch32__mpu.a(arm_core_mpu.c.obj)
                0x0000000000007d04                log_const_mpu
 .log_const_mpu_sensor
                0x0000000000007d0c        0x8 app/libapp.a(mpu_sensor.c.obj)
                0x0000000000007d0c                log_const_mpu_sensor
 .log_const_os  0x0000000000007d14        0x8 zephyr/kernel/libkernel.a(init.c.obj)
                0x0000000000007d14                log_const_os
 .log_const_pm  0x0000000000007d1c        0x8 zephyr/libzephyr.a(pm.c.obj)
                0x0000000000007d1c                log_const_pm
 .log_const_soc
                0x0000000000007d24        0x8 zephyr/soc/arm/nordic_nrf/nrf52/libsoc__arm__nordic_nrf__nrf52.a(soc.c.obj)
                0x0000000000007d24                log_const_soc
 .log_const_uart_nrfx_uarte
                0x0000000000007d2c        0x8 zephyr/drivers/serial/libdrivers__serial.a(uart_nrfx_uarte.c.obj)
                0x0000000000007d2c                log_const_uart_nrfx_uarte
                0x0000000000007d34                __log_const_end = .

log_backends_sections
                0x0000000000007d34       0x10
                0x0000000000007d34                __log_backends_start = .
 *(SORT_BY_ALIGNMENT(._log_backend.*))
 ._log_backend.static.log_backend_uart
                0x0000000000007d34       0x10 zephyr/libzephyr.a(log_backend_uart.c.obj)
                0x0000000000007d44                __log_backends_end = .

tracing_backend_area
                0x0000000000007d44        0x0
                0x0000000000007d44                _tracing_backend_list_start = .
 *(SORT_BY_NAME(SORT_BY_ALIGNMENT(._tracing_backend.static.*)))
                0x0000000000007d44                _tracing_backend_list_end = .

zephyr_dbg_info
 *(SORT_BY_ALIGNMENT(.dbg_thread_info))

symbol_to_keep  0x0000000000007d44        0x0
                0x0000000000007d44                __symbol_to_keep_start = .
 *(SORT_BY_NAME(SORT_BY_ALIGNMENT(.symbol_to_keep*)))
                0x0000000000007d44                __symbol_to_keep_end = .

shell_area      0x0000000000007d44        0x0
                0x0000000000007d44                _shell_list_start = .
 *(SORT_BY_NAME(SORT_BY_ALIGNMENT(._shell.static.*)))
                0x0000000000007d44                _shell_list_end = .

shell_root_cmds_sections
                0x0000000000007d44        0x0
                0x0000000000007d44                __shell_root_cmds_start = .
 *(SORT_BY_NAME(SORT_BY_ALIGNMENT(.shell_root_cmd_*)))
                0x0000000000007d44                __shell_root_cmds_end = .

shell_subcmds_sections
                0x0000000000007d44        0x0
                0x0000000000007d44                __shell_subcmds_start = .
 *(SORT_BY_NAME(SORT_BY_ALIGNMENT(.shell_subcmd_*)))
                0x0000000000007d44                __shell_subcmds_end = .

shell_dynamic_subcmds_sections
                0x0000000000007d44        0x0
                0x0000000000007d44                __shell_dynamic_subcmds_start = .
 *(SORT_BY_NAME(SORT_BY_ALIGNMENT(.shell_dynamic_subcmd_*)))
                0x0000000000007d44                __shell_dynamic_subcmds_end = .

font_entry_sections
                0x0000000000007d44        0x0
                0x0000000000007d44                __font_entry_start = .
 *(SORT_BY_NAME(SORT_BY_ALIGNMENT(._cfb_font.*)))
                0x0000000000007d44                __font_entry_end = .

rodata          0x0000000000007d50      0xbdc
 *(SORT_BY_ALIGNMENT(.rodata))
 *(SORT_BY_ALIGNMENT(.rodata.*))
 .rodata.delay_machine_code.0
                0x0000000000007d50        0x6 zephyr/soc/arm/nordic_nrf/nrf52/libsoc__arm__nordic_nrf__nrf52.a(soc.c.obj)
 *fill*         0x0000000000007d56        0x2 
 .rodata.m_twim_instance
                0x0000000000007d58        0x8 app/libapp.a(mpu_sensor.c.obj)
                0x0000000000007d58                m_twim_instance
 .rodata.format_table
                0x0000000000007d60        0xc zephyr/libzephyr.a(log_core.c.obj)
 .rodata.mpsc_config
                0x0000000000007d6c       0x14 zephyr/libzephyr.a(log_core.c.obj)
 .rodata.colors
                0x0000000000007d80       0x14 zephyr/libzephyr.a(log_output.c.obj)
 .rodata.severity
                0x0000000000007d94       0x14 zephyr/libzephyr.a(log_output.c.obj)
 .rodata.log_backend_uart_api
                0x0000000000007da8       0x1c zephyr/libzephyr.a(log_backend_uart.c.obj)
                0x0000000000007da8                log_backend_uart_api
 .rodata.log_output_uart
                0x0000000000007dc4       0x10 zephyr/libzephyr.a(log_backend_uart.c.obj)
 .rodata.pmstates_DT_N_S_cpus_S_cpu_0
                0x0000000000007dd4        0x0 zephyr/libzephyr.a(state.c.obj)
 .rodata.apis   0x0000000000007dd4        0x8 zephyr/libzephyr.a(nrf_cc3xx_platform_abort_zephyr.c.obj)
 .rodata.mutex_apis
                0x0000000000007ddc       0x10 zephyr/libzephyr.a(nrf_cc3xx_platform_mutex_zephyr.c.obj)
 .rodata.mutexes
                0x0000000000007dec       0x14 zephyr/libzephyr.a(nrf_cc3xx_platform_mutex_zephyr.c.obj)
 .rodata.static_regions
                0x0000000000007e00        0xc zephyr/arch/arch/arm/core/aarch32/mpu/libarch__arm__core__aarch32__mpu.a(arm_core_mpu.c.obj)
 .rodata.mpu_config
                0x0000000000007e0c        0x8 zephyr/soc/arm/common/cortex_m/libsoc__arm__common__cortex_m.a(arm_mpu_regions.c.obj)
                0x0000000000007e0c                mpu_config
 .rodata.mpu_regions
                0x0000000000007e14       0x18 zephyr/soc/arm/common/cortex_m/libsoc__arm__common__cortex_m.a(arm_mpu_regions.c.obj)
 .rodata.clock_control_api
                0x0000000000007e2c       0x1c zephyr/drivers/clock_control/libdrivers__clock_control.a(clock_control_nrf.c.obj)
 .rodata.config
                0x0000000000007e48       0x18 zephyr/drivers/clock_control/libdrivers__clock_control.a(clock_control_nrf.c.obj)
 .rodata.transitions.0
                0x0000000000007e60        0xc zephyr/drivers/clock_control/libdrivers__clock_control.a(clock_control_nrf.c.obj)
 .rodata.gpio_nrfx_drv_api_funcs
                0x0000000000007e6c       0x24 zephyr/drivers/gpio/libdrivers__gpio.a(gpio_nrfx.c.obj)
 .rodata.gpio_nrfx_p0_cfg
                0x0000000000007e90       0x10 zephyr/drivers/gpio/libdrivers__gpio.a(gpio_nrfx.c.obj)
 .rodata.gpio_nrfx_p1_cfg
                0x0000000000007ea0       0x10 zephyr/drivers/gpio/libdrivers__gpio.a(gpio_nrfx.c.obj)
 .rodata.__pinctrl_dev_config__device_dts_ord_114
                0x0000000000007eb0        0xc zephyr/drivers/serial/libdrivers__serial.a(uart_nrfx_uarte.c.obj)
 .rodata.__pinctrl_dev_config__device_dts_ord_115
                0x0000000000007ebc        0xc zephyr/drivers/serial/libdrivers__serial.a(uart_nrfx_uarte.c.obj)
 .rodata.__pinctrl_state_pins_0__device_dts_ord_114
                0x0000000000007ec8       0x10 zephyr/drivers/serial/libdrivers__serial.a(uart_nrfx_uarte.c.obj)
 .rodata.__pinctrl_state_pins_0__device_dts_ord_115
                0x0000000000007ed8        0x8 zephyr/drivers/serial/libdrivers__serial.a(uart_nrfx_uarte.c.obj)
 .rodata.__pinctrl_states__device_dts_ord_114
                0x0000000000007ee0        0x8 zephyr/drivers/serial/libdrivers__serial.a(uart_nrfx_uarte.c.obj)
 .rodata.__pinctrl_states__device_dts_ord_115
                0x0000000000007ee8        0x8 zephyr/drivers/serial/libdrivers__serial.a(uart_nrfx_uarte.c.obj)
 .rodata.uart_nrfx_uarte_driver_api
                0x0000000000007ef0       0x14 zephyr/drivers/serial/libdrivers__serial.a(uart_nrfx_uarte.c.obj)
 .rodata.uarte_0z_config
                0x0000000000007f04       0x10 zephyr/drivers/serial/libdrivers__serial.a(uart_nrfx_uarte.c.obj)
 .rodata.uarte_1z_config
                0x0000000000007f14       0x10 zephyr/drivers/serial/libdrivers__serial.a(uart_nrfx_uarte.c.obj)
 .rodata.buttons
                0x0000000000007f24       0x20 modules/nrf/lib/dk_buttons_and_leds/lib..__nrf__lib__dk_buttons_and_leds.a(dk_buttons_and_leds.c.obj)
 .rodata.leds   0x0000000000007f44       0x20 modules/nrf/lib/dk_buttons_and_leds/lib..__nrf__lib__dk_buttons_and_leds.a(dk_buttons_and_leds.c.obj)
 .rodata.levels.0
                0x0000000000007f64       0x14 zephyr/kernel/libkernel.a(device.c.obj)
 .rodata._k_neg_eagain
                0x0000000000007f78        0x4 zephyr/kernel/libkernel.a(errno.c.obj)
                0x0000000000007f78                _k_neg_eagain
 .rodata.CSWTCH.438
                0x0000000000007f7c       0x14 zephyr/kernel/libkernel.a(fatal.c.obj)
 .rodata.CSWTCH.10
                0x0000000000007f90       0x1c /opt/nordic/ncs/v2.1.1/nrfxlib/crypto/nrf_cc310_platform/lib/cortex-m4/soft-float/no-interrupts/libnrf_cc310_platform_0.9.15.a(nrf_cc3xx_platform.c.obj)
 .rodata.mutex_free.str1.4
                0x0000000000007fac       0x26 /opt/nordic/ncs/v2.1.1/nrfxlib/crypto/nrf_cc310_platform/lib/cortex-m4/soft-float/no-interrupts/libnrf_cc310_platform_0.9.15.a(nrf_cc3xx_platform_mutex.c.obj)
 *fill*         0x0000000000007fd2        0x2 
 .rodata.mutex_init.str1.4
                0x0000000000007fd4       0x23 /opt/nordic/ncs/v2.1.1/nrfxlib/crypto/nrf_cc310_platform/lib/cortex-m4/soft-float/no-interrupts/libnrf_cc310_platform_0.9.15.a(nrf_cc3xx_platform_mutex.c.obj)
 *fill*         0x0000000000007ff7        0x1 
 .rodata.CC_PalPowerSaveModeInit.str1.4
                0x0000000000007ff8       0x20 /opt/nordic/ncs/v2.1.1/nrfxlib/crypto/nrf_cc310_platform/lib/cortex-m4/soft-float/no-interrupts/libnrf_cc310_platform_0.9.15.a(cc_pal_pm.c.obj)
 .rodata.button_handler.part.0.str1.1
                0x0000000000008018       0x12 app/libapp.a(main.c.obj)
 .rodata.main.str1.1
                0x000000000000802a       0x7b app/libapp.a(main.c.obj)
 .rodata.str1.1
                0x00000000000080a5        0x4 app/libapp.a(main.c.obj)
 .rodata.my_twim_handler.str1.1
                0x00000000000080a9        0xe app/libapp.a(mpu_sensor.c.obj)
 .rodata.twi_init.str1.1
                0x00000000000080b7       0x1b app/libapp.a(mpu_sensor.c.obj)
 .rodata.mpu_sensor_init.str1.1
                0x00000000000080d2       0x18 app/libapp.a(mpu_sensor.c.obj)
 .rodata.str1.1
                0x00000000000080ea        0xb app/libapp.a(mpu_sensor.c.obj)
 .rodata.z_cbvprintf_impl.str1.1
                0x00000000000080f5        0x6 zephyr/libzephyr.a(cbprintf_complete.c.obj)
 .rodata.sys_reboot.str1.1
                0x00000000000080fb       0x29 zephyr/libzephyr.a(reboot.c.obj)
 .rodata.enable_logger.str1.1
                0x0000000000008124        0x8 zephyr/libzephyr.a(log_core.c.obj)
 .rodata.str1.1
                0x000000000000812c        0x4 zephyr/libzephyr.a(log_core.c.obj)
 .rodata.log_output_process.str1.1
                0x0000000000008130       0x52 zephyr/libzephyr.a(log_output.c.obj)
                                         0x56 (size before relaxing)
 .rodata.log_output_dropped_process.str1.1
                0x0000000000008182       0x52 zephyr/libzephyr.a(log_output.c.obj)
                                          0x3 (size before relaxing)
 .rodata.str1.1
                0x0000000000008182       0x20 zephyr/libzephyr.a(log_output.c.obj)
 .rodata.postfix.0
                0x00000000000081a2       0x1c zephyr/libzephyr.a(log_output.c.obj)
 .rodata.prefix.1
                0x00000000000081be        0xc zephyr/libzephyr.a(log_output.c.obj)
 .rodata.str1.1
                0x00000000000081ca       0x1a zephyr/libzephyr.a(log_backend_uart.c.obj)
 .rodata.str1.1
                0x00000000000081e4        0x3 zephyr/libzephyr.a(pm.c.obj)
 .rodata.mutex_free_platform.str1.1
                0x00000000000081e7       0x26 zephyr/libzephyr.a(nrf_cc3xx_platform_mutex_zephyr.c.obj)
 .rodata.mutex_init_platform.str1.1
                0x000000000000820d       0x2d zephyr/libzephyr.a(nrf_cc3xx_platform_mutex_zephyr.c.obj)
 .rodata.z_arm_fatal_error.str1.1
                0x000000000000823a       0x9b zephyr/arch/arch/arm/core/aarch32/libarch__arm__core__aarch32.a(fatal.c.obj)
 .rodata.bus_fault.constprop.0.str1.1
                0x00000000000082d5       0xca zephyr/arch/arch/arm/core/aarch32/cortex_m/libarch__arm__core__aarch32__cortex_m.a(fault.c.obj)
 .rodata.usage_fault.constprop.0.str1.1
                0x000000000000839f       0xcd zephyr/arch/arch/arm/core/aarch32/cortex_m/libarch__arm__core__aarch32__cortex_m.a(fault.c.obj)
 .rodata.mem_manage_fault.str1.1
                0x000000000000846c       0x96 zephyr/arch/arch/arm/core/aarch32/cortex_m/libarch__arm__core__aarch32__cortex_m.a(fault.c.obj)
 .rodata.z_arm_fault.str1.1
                0x0000000000008502      0x111 zephyr/arch/arch/arm/core/aarch32/cortex_m/libarch__arm__core__aarch32__cortex_m.a(fault.c.obj)
 .rodata.str1.1
                0x0000000000008613        0x4 zephyr/arch/arch/arm/core/aarch32/mpu/libarch__arm__core__aarch32__mpu.a(arm_core_mpu.c.obj)
 .rodata.mpu_configure_regions.str1.1
                0x0000000000008617       0x49 zephyr/arch/arch/arm/core/aarch32/mpu/libarch__arm__core__aarch32__mpu.a(arm_mpu.c.obj)
 .rodata.str1.1
                0x0000000000008660        0xf zephyr/soc/arm/common/cortex_m/libsoc__arm__common__cortex_m.a(arm_mpu_regions.c.obj)
 .rodata.str1.1
                0x000000000000866f        0x4 zephyr/soc/arm/nordic_nrf/nrf52/libsoc__arm__nordic_nrf__nrf52.a(soc.c.obj)
 .rodata.CSWTCH.9
                0x0000000000008673        0x6 zephyr/soc/arm/nordic_nrf/nrf52/libsoc__arm__nordic_nrf__nrf52.a(soc.c.obj)
 .rodata.str1.1
                0x0000000000008679       0x29 zephyr/drivers/clock_control/libdrivers__clock_control.a(clock_control_nrf.c.obj)